Archive member included because of file (symbol)

c:/eclipsearm/sourcery-g++-lite-arm-2011.03/bin/../lib/gcc/arm-none-eabi/4.5.2\libgcc.a(_divsi3.o)
                              ./ts.o (__aeabi_idiv)
c:/eclipsearm/sourcery-g++-lite-arm-2011.03/bin/../lib/gcc/arm-none-eabi/4.5.2\libgcc.a(_dvmd_tls.o)
                              c:/eclipsearm/sourcery-g++-lite-arm-2011.03/bin/../lib/gcc/arm-none-eabi/4.5.2\libgcc.a(_divsi3.o) (__aeabi_idiv0)

Allocating common symbols
Common symbol       size              file

scancode            0x1               ./multitasking/cyclic.o
flagTask5           0x1               ./multitasking/cyclic.o
flagTask6           0x1               ./multitasking/cyclic.o
flagReadKeypad      0x1               ./multitasking/foreback.o
fifo                0x808             ./multitasking/queue.o
flagPb              0x1               ./multitasking/cyclic.o
flagToggleLeds      0x1               ./multitasking/foreback.o
buffer              0x9c400           ./tests/test_sound_effects.o
flagWriteTicks      0x1               ./multitasking/foreback.o
flagWriteRTC        0x1               ./multitasking/foreback.o
delay_buffer        0x1f406           ./tests/test_sound_effects.o
flagTimer           0x1               ./multitasking/cyclic.o

Memory Configuration

Name             Origin             Length             Attributes
*default*        0x00000000         0xffffffff

Linker script and memory map

LOAD ./tests/test_EEPROM.o
LOAD ./tests/test_WAV.o
LOAD ./tests/test_sound_effects.o
LOAD ./multitasking/cyclic.o
LOAD ./multitasking/foreback.o
LOAD ./multitasking/kernelcoop.o
LOAD ./multitasking/non_expropiative.o
LOAD ./multitasking/queue.o
LOAD ./D8Led.o
LOAD ./L3.o
LOAD ./adc.o
LOAD ./at24c04.o
LOAD ./button.o
LOAD ./dma.o
LOAD ./font8x16.o
LOAD ./gpio.o
LOAD ./iic.o
LOAD ./iis.o
LOAD ./init.o
LOAD ./intcontroller.o
LOAD ./keyboard.o
LOAD ./lcd.o
LOAD ./leds.o
LOAD ./main.o
LOAD ./rtc.o
LOAD ./timer.o
LOAD ./ts.o
LOAD ./uart.o
LOAD ./uda1341ts.o
LOAD ./utils.o
START GROUP
LOAD c:/eclipsearm/sourcery-g++-lite-arm-2011.03/bin/../lib/gcc/arm-none-eabi/4.5.2\libgcc.a
LOAD c:/eclipsearm/sourcery-g++-lite-arm-2011.03/bin/../lib/gcc/arm-none-eabi/4.5.2/../../../../arm-none-eabi/lib\libc.a
END GROUP
                0x0c100000                . = 0xc100000

.data           0x0c100000     0x223c
 *(.data*)
 .data          0x0c100000        0x0 ./tests/test_EEPROM.o
 .data          0x0c100000        0x0 ./tests/test_WAV.o
 .data          0x0c100000       0xd8 ./tests/test_sound_effects.o
                0x0c100000                triangle
                0x0c100048                square
                0x0c100090                sine
 .data          0x0c1000d8        0x0 ./multitasking/cyclic.o
 .data          0x0c1000d8        0x0 ./multitasking/foreback.o
 .data          0x0c1000d8        0x0 ./multitasking/kernelcoop.o
 .data          0x0c1000d8        0x7 ./multitasking/non_expropiative.o
 *fill*         0x0c1000df        0x1 00
 .data          0x0c1000e0        0x8 ./multitasking/queue.o
 .data          0x0c1000e8       0x60 ./D8Led.o
 .data          0x0c100148        0x0 ./L3.o
 .data          0x0c100148        0x0 ./adc.o
 .data          0x0c100148        0x0 ./at24c04.o
 .data          0x0c100148        0x0 ./button.o
 .data          0x0c100148        0x0 ./dma.o
 .data          0x0c100148        0x0 ./font8x16.o
 .data          0x0c100148        0x0 ./gpio.o
 .data          0x0c100148        0x0 ./iic.o
 .data          0x0c100148        0x0 ./iis.o
 .data          0x0c100148        0x0 ./init.o
 .data          0x0c100148        0x0 ./intcontroller.o
 .data          0x0c100148        0x4 ./keyboard.o
 .data          0x0c10014c        0x0 ./lcd.o
 .data          0x0c10014c        0x0 ./leds.o
 .data          0x0c10014c        0x0 ./main.o
 .data          0x0c10014c        0x0 ./rtc.o
 .data          0x0c10014c        0x0 ./timer.o
 .data          0x0c10014c        0x0 ./ts.o
 .data          0x0c10014c        0x0 ./uart.o
 .data          0x0c10014c        0x0 ./uda1341ts.o
 .data          0x0c10014c        0x4 ./utils.o
 .data          0x0c100150        0x0 c:/eclipsearm/sourcery-g++-lite-arm-2011.03/bin/../lib/gcc/arm-none-eabi/4.5.2\libgcc.a(_divsi3.o)
 .data          0x0c100150        0x0 c:/eclipsearm/sourcery-g++-lite-arm-2011.03/bin/../lib/gcc/arm-none-eabi/4.5.2\libgcc.a(_dvmd_tls.o)
 *(.rodata*)
 .rodata        0x0c100150      0x29c ./tests/test_EEPROM.o
 .rodata        0x0c1003ec      0x39c ./tests/test_WAV.o
 .rodata        0x0c100788      0x344 ./tests/test_sound_effects.o
 .rodata        0x0c100acc      0x380 ./multitasking/cyclic.o
                0x0c100acc                pjobs
 .rodata        0x0c100e4c       0x68 ./multitasking/foreback.o
 .rodata        0x0c100eb4      0x174 ./multitasking/non_expropiative.o
 .rodata        0x0c101028       0x6c ./multitasking/queue.o
 .rodata        0x0c101094     0x1000 ./font8x16.o
                0x0c101094                font
 .rodata        0x0c102094       0x50 ./keyboard.o
 .rodata        0x0c1020e4       0x80 ./main.o
 .rodata        0x0c102164       0xd8 ./ts.o
                0x0c10223c                Image_ZI_Base = .

.bss            0x0c10223c    0xc56ec
 *(.bss*)
 .bss           0x0c10223c        0x0 ./tests/test_EEPROM.o
 .bss           0x0c10223c        0x0 ./tests/test_WAV.o
 .bss           0x0c10223c        0x0 ./tests/test_sound_effects.o
 .bss           0x0c10223c        0x0 ./multitasking/cyclic.o
 .bss           0x0c10223c        0x0 ./multitasking/foreback.o
 .bss           0x0c10223c       0xa0 ./multitasking/kernelcoop.o
 .bss           0x0c1022dc        0x8 ./multitasking/non_expropiative.o
 .bss           0x0c1022e4        0x0 ./multitasking/queue.o
 .bss           0x0c1022e4        0x0 ./D8Led.o
 .bss           0x0c1022e4        0x0 ./L3.o
 .bss           0x0c1022e4        0x1 ./adc.o
 .bss           0x0c1022e5        0x0 ./at24c04.o
 .bss           0x0c1022e5        0x0 ./button.o
 .bss           0x0c1022e5        0x0 ./dma.o
 .bss           0x0c1022e5        0x0 ./font8x16.o
 .bss           0x0c1022e5        0x0 ./gpio.o
 .bss           0x0c1022e5        0x0 ./iic.o
 .bss           0x0c1022e5        0x1 ./iis.o
 .bss           0x0c1022e6        0x0 ./init.o
 .bss           0x0c1022e6        0x0 ./intcontroller.o
 .bss           0x0c1022e6        0x0 ./keyboard.o
 *fill*         0x0c1022e6        0x2 00
 .bss           0x0c1022e8     0x9604 ./lcd.o
 .bss           0x0c10b8ec        0x4 ./leds.o
 .bss           0x0c10b8f0       0x14 ./main.o
 .bss           0x0c10b904        0x0 ./rtc.o
 .bss           0x0c10b904        0x0 ./timer.o
 .bss           0x0c10b904        0xa ./ts.o
 .bss           0x0c10b90e        0x0 ./uart.o
 .bss           0x0c10b90e        0x2 ./uda1341ts.o
 .bss           0x0c10b910        0x0 ./utils.o
 .bss           0x0c10b910        0x0 c:/eclipsearm/sourcery-g++-lite-arm-2011.03/bin/../lib/gcc/arm-none-eabi/4.5.2\libgcc.a(_divsi3.o)
 .bss           0x0c10b910        0x0 c:/eclipsearm/sourcery-g++-lite-arm-2011.03/bin/../lib/gcc/arm-none-eabi/4.5.2\libgcc.a(_dvmd_tls.o)
 *(COMMON)
 COMMON         0x0c10b910    0xbb806 ./tests/test_sound_effects.o
                0x0c10b910                buffer
                0x0c1a7d10                delay_buffer
 COMMON         0x0c1c7116        0x5 ./multitasking/cyclic.o
                0x0c1c7116                scancode
                0x0c1c7117                flagTask5
                0x0c1c7118                flagTask6
                0x0c1c7119                flagPb
                0x0c1c711a                flagTimer
 COMMON         0x0c1c711b        0x4 ./multitasking/foreback.o
                0x0c1c711b                flagReadKeypad
                0x0c1c711c                flagToggleLeds
                0x0c1c711d                flagWriteTicks
                0x0c1c711e                flagWriteRTC
 *fill*         0x0c1c711f        0x1 00
 COMMON         0x0c1c7120      0x808 ./multitasking/queue.o
                0x0c1c7120                fifo
                0x0c1c7928                Image_ZI_Limit = .

.text           0x0c1c7928     0x89e4
 *(.text*)
 .text          0x0c1c7928      0x52c ./tests/test_EEPROM.o
                0x0c1c7928                test_EEPROM
 .text          0x0c1c7e54      0x658 ./tests/test_WAV.o
                0x0c1c7e54                test_WAV
 .text          0x0c1c84ac      0xf38 ./tests/test_sound_effects.o
                0x0c1c84ac                test_sound_effects
                0x0c1c9194                audiodelay_init
                0x0c1c9250                audiodelay_put
                0x0c1c9318                audiodelay_get
 .text          0x0c1c93e4      0x248 ./multitasking/cyclic.o
                0x0c1c93e4                cyclic
                0x0c1c9554                JobA
                0x0c1c9574                JobB
                0x0c1c959c                JobC
                0x0c1c95c8                JobD
                0x0c1c95f8                JobE
 .text          0x0c1c962c      0x234 ./multitasking/foreback.o
                0x0c1c962c                foreback
 .text          0x0c1c9860      0x380 ./multitasking/kernelcoop.o
                0x0c1c9860                delete_task
                0x0c1c98f4                create_task
                0x0c1c99d8                scheduler_init
                0x0c1c9a20                scheduler
                0x0c1c9b44                dispacher
 .text          0x0c1c9be0      0x5c0 ./multitasking/non_expropiative.o
                0x0c1c9be0                non_expropiative_kernel
                0x0c1c9d34                Task1
                0x0c1c9d8c                Task2
                0x0c1c9e98                Task3
                0x0c1c9f3c                Task4
                0x0c1c9fd0                Task5
                0x0c1ca064                Task6
                0x0c1ca0e0                Task7
                0x0c1ca158                isr_pb
 .text          0x0c1ca1a0      0x484 ./multitasking/queue.o
                0x0c1ca1a0                queue
                0x0c1ca298                isr_tick
                0x0c1ca3e0                fifo_init
                0x0c1ca420                fifo_enqueue
                0x0c1ca4dc                fifo_dequeue
                0x0c1ca59c                fifo_is_empty
                0x0c1ca5dc                fifo_is_full
 .text          0x0c1ca624      0x100 ./D8Led.o
                0x0c1ca624                D8Led_init
                0x0c1ca648                D8Led_off
                0x0c1ca66c                D8Led_segment
                0x0c1ca6c8                D8Led_digit
 .text          0x0c1ca724      0x2b0 ./L3.o
                0x0c1ca724                L3_init
                0x0c1ca7c4                L3_putByte
 .text          0x0c1ca9d4      0x28c ./adc.o
                0x0c1ca9d4                isr_ADC_dummy
                0x0c1ca9fc                adc_init
                0x0c1caa28                adc_on
                0x0c1caa6c                adc_off
                0x0c1caaa8                adc_status
                0x0c1caad0                adc_getSample
                0x0c1cabf4                adc_open
                0x0c1cac2c                adc_close
 .text          0x0c1cac60      0x3d4 ./at24c04.o
                0x0c1cac60                at24c04_clear
                0x0c1cad3c                at24c04_bytewrite
                0x0c1cadc8                at24c04_byteread
                0x0c1cae88                at24c04_load
                0x0c1caf40                at24c04_store
 .text          0x0c1cb034       0x7c ./button.o
                0x0c1cb034                read_button
 .text          0x0c1cb0b0       0xfc ./dma.o
                0x0c1cb0b0                isr_BDMA0_dummy
                0x0c1cb0d8                bdma0_init
                0x0c1cb138                bdma0_open
                0x0c1cb178                bdma0_close
 .text          0x0c1cb1ac        0x0 ./font8x16.o
 .text          0x0c1cb1ac      0x898 ./gpio.o
                0x0c1cb1ac                portB_conf
                0x0c1cb274                portB_write
                0x0c1cb330                portG_conf
                0x0c1cb4e8                portG_eint_trig
                0x0c1cb7b8                portG_write
                0x0c1cb8b8                portG_read
                0x0c1cb97c                portG_conf_pup
 .text          0x0c1cba44      0x230 ./iic.o
                0x0c1cba44                iic_init
                0x0c1cba8c                iic_start
                0x0c1cbb10                iic_putByte
                0x0c1cbb74                iic_getByte
                0x0c1cbc14                iic_stop
 .text          0x0c1cbc74      0x694 ./iis.o
                0x0c1cbc74                iis_init
                0x0c1cbd8c                iis_putSample
                0x0c1cbdf4                iis_getSample
                0x0c1cbe78                iis_play
                0x0c1cc028                iis_rec
                0x0c1cc16c                iis_pause
                0x0c1cc19c                iis_continue
                0x0c1cc1cc                iis_status
                0x0c1cc200                iis_playWawFile
 .text          0x0c1cc308      0x100 ./init.o
                0x0c1cc308                start
 .text          0x0c1cc408      0x3b8 ./intcontroller.o
                0x0c1cc408                ic_init
                0x0c1cc44c                ic_conf_irq
                0x0c1cc508                ic_conf_fiq
                0x0c1cc58c                ic_conf_line
                0x0c1cc64c                ic_enable
                0x0c1cc6b4                ic_disable
                0x0c1cc718                ic_cleanflag
 .text          0x0c1cc7c0      0x1a4 ./keyboard.o
                0x0c1cc7c0                kb_scan
 .text          0x0c1cc964      0xa28 ./lcd.o
                0x0c1cc964                lcd_init
                0x0c1ccae8                lcd_on
                0x0c1ccb24                lcd_off
                0x0c1ccb60                lcd_status
                0x0c1ccb88                lcd_clear
                0x0c1ccbe4                lcd_clear_color
                0x0c1ccc6c                lcd_putpixel
                0x0c1ccd58                lcd_getpixel
                0x0c1cce08                lcd_draw_hline
                0x0c1cceb8                lcd_draw_vline
                0x0c1ccf68                lcd_draw_box
                0x0c1cd03c                lcd_putchar
                0x0c1cd190                lcd_puts
                0x0c1cd230                lcd_putWallpaper
 .text          0x0c1cd38c      0x300 ./leds.o
                0x0c1cd38c                leds_init
                0x0c1cd3d0                led1_on
                0x0c1cd410                led1_off
                0x0c1cd450                led2_on
                0x0c1cd490                led2_off
                0x0c1cd4d0                led1_switch
                0x0c1cd510                led2_switch
                0x0c1cd550                leds_switch
                0x0c1cd590                leds_display
                0x0c1cd624                led1_status
                0x0c1cd658                led2_status
 .text          0x0c1cd68c      0x580 ./main.o
                0x0c1cd68c                timer_ISR
                0x0c1cd6bc                button_ISR
                0x0c1cd75c                keyboard_ISR
                0x0c1cd7d8                setup
                0x0c1cd8f0                read_date
                0x0c1cd9f0                rtc_ISR
                0x0c1cda34                rtc_alarm_ISR
                0x0c1cda68                clock_setup
                0x0c1cdbb4                startup
                0x0c1cdbd0                loop
                0x0c1cdbf0                main
 .text          0x0c1cdc0c      0xdf4 ./rtc.o
                0x0c1cdc0c                isr_TICK_dummy
                0x0c1cdc34                isr_ALARM_dummy
                0x0c1cdc5c                rtc_init
                0x0c1cdd30                rtc_puttime
                0x0c1ce104                rtc_gettime
                0x0c1ce544                rtc_set_alarm
                0x0c1ce908                rtc_clear_alarm
                0x0c1ce94c                rtc_open
                0x0c1ce9bc                rtc_close
 .text          0x0c1cea00      0x6b4 ./timer.o
                0x0c1cea00                tmr_set_prescaler
                0x0c1ceadc                tmr_set_divider
                0x0c1cec18                tmr_set_count
                0x0c1ced4c                tmr_update
                0x0c1cee04                tmr_set_mode
                0x0c1cef10                tmr_start
                0x0c1cef98                tmr_stop
                0x0c1cf024                tmr_isrunning
 .text          0x0c1cf0b4      0x72c ./ts.o
                0x0c1cf0b4                isr_TS_dummy
                0x0c1cf0dc                ts_init
                0x0c1cf170                ts_on
                0x0c1cf19c                ts_off
                0x0c1cf1c8                ts_status
                0x0c1cf1f0                ts_pressed
                0x0c1cf458                ts_getpos
                0x0c1cf76c                ts_open
                0x0c1cf7ac                ts_close
 .text          0x0c1cf7e0      0x5f4 ./uart.o
                0x0c1cf7e0                uart0_init
                0x0c1cf844                uart0_putchar
                0x0c1cf894                uart0_getchar
                0x0c1cf8dc                uart0_puts
                0x0c1cf92c                uart0_putint
                0x0c1cfa2c                uart0_puthex
                0x0c1cfae4                uart0_gets
                0x0c1cfb50                uart0_getint
                0x0c1cfc28                uart0_gethex
                0x0c1cfd2c                uart0_put_rtc_time
 .text          0x0c1cfdd4      0x284 ./uda1341ts.o
                0x0c1cfdd4                uda1341ts_init
                0x0c1cfe50                uda1341ts_mute
                0x0c1cfeac                uda1341ts_on
                0x0c1cff1c                uda1341ts_off
                0x0c1cff9c                uda1341ts_status
                0x0c1cffd0                uda1341ts_setvol
                0x0c1d0030                uda1341ts_getvol
 .text          0x0c1d0058      0x168 ./utils.o
                0x0c1d0058                Delay
                0x0c1d0190                sleep
 .text          0x0c1d01c0      0x148 c:/eclipsearm/sourcery-g++-lite-arm-2011.03/bin/../lib/gcc/arm-none-eabi/4.5.2\libgcc.a(_divsi3.o)
                0x0c1d01c0                __divsi3
                0x0c1d01c0                __aeabi_idiv
                0x0c1d02e8                __aeabi_idivmod
 .text          0x0c1d0308        0x4 c:/eclipsearm/sourcery-g++-lite-arm-2011.03/bin/../lib/gcc/arm-none-eabi/4.5.2\libgcc.a(_dvmd_tls.o)
                0x0c1d0308                __aeabi_idiv0
                0x0c1d0308                __aeabi_ldiv0
                0x0c1d030c                PROVIDE (end, .)
START GROUP
LOAD c:/eclipsearm/sourcery-g++-lite-arm-2011.03/bin/../lib/gcc/arm-none-eabi/4.5.2\libgcc.a
LOAD c:/eclipsearm/sourcery-g++-lite-arm-2011.03/bin/../lib/gcc/arm-none-eabi/4.5.2/../../../../arm-none-eabi/lib\libg.a
LOAD c:/eclipsearm/sourcery-g++-lite-arm-2011.03/bin/../lib/gcc/arm-none-eabi/4.5.2/../../../../arm-none-eabi/lib\libc.a
LOAD c:/eclipsearm/sourcery-g++-lite-arm-2011.03/bin/../lib/gcc/arm-none-eabi/4.5.2/../../../../arm-none-eabi/lib\libm.a
LOAD c:/eclipsearm/sourcery-g++-lite-arm-2011.03/bin/../lib/gcc/arm-none-eabi/4.5.2/../../../../arm-none-eabi/lib\libnosys.a
END GROUP
OUTPUT(prac2a.elf elf32-littlearm)

.glue_7         0x0c1d030c        0x0
 .glue_7        0x00000000        0x0 linker stubs

.glue_7t        0x0c1d030c        0x0
 .glue_7t       0x00000000        0x0 linker stubs

.vfp11_veneer   0x0c1d030c        0x0
 .vfp11_veneer  0x00000000        0x0 linker stubs

.v4_bx          0x0c1d030c        0x0
 .v4_bx         0x00000000        0x0 linker stubs

.debug_abbrev   0x00000000     0x175d
 .debug_abbrev  0x00000000       0x7e ./tests/test_EEPROM.o
 .debug_abbrev  0x0000007e       0x84 ./tests/test_WAV.o
 .debug_abbrev  0x00000102      0x151 ./tests/test_sound_effects.o
 .debug_abbrev  0x00000253       0xde ./multitasking/cyclic.o
 .debug_abbrev  0x00000331       0x8f ./multitasking/foreback.o
 .debug_abbrev  0x000003c0       0xfb ./multitasking/kernelcoop.o
 .debug_abbrev  0x000004bb      0x102 ./multitasking/non_expropiative.o
 .debug_abbrev  0x000005bd      0x169 ./multitasking/queue.o
 .debug_abbrev  0x00000726       0x88 ./D8Led.o
 .debug_abbrev  0x000007ae       0xb0 ./L3.o
 .debug_abbrev  0x0000085e       0xea ./adc.o
 .debug_abbrev  0x00000948       0xbc ./at24c04.o
 .debug_abbrev  0x00000a04       0x82 ./button.o
 .debug_abbrev  0x00000a86       0x98 ./dma.o
 .debug_abbrev  0x00000b1e       0x63 ./font8x16.o
 .debug_abbrev  0x00000b81       0xb7 ./gpio.o
 .debug_abbrev  0x00000c38       0xc9 ./iic.o
 .debug_abbrev  0x00000d01       0xf9 ./iis.o
 .debug_abbrev  0x00000dfa       0x14 ./init.o
 .debug_abbrev  0x00000e0e       0xdd ./intcontroller.o
 .debug_abbrev  0x00000eeb       0x85 ./keyboard.o
 .debug_abbrev  0x00000f70      0x102 ./lcd.o
 .debug_abbrev  0x00001072       0xc1 ./leds.o
 .debug_abbrev  0x00001133      0x14c ./main.o
 .debug_abbrev  0x0000127f       0xdf ./rtc.o
 .debug_abbrev  0x0000135e       0xa5 ./timer.o
 .debug_abbrev  0x00001403       0xe6 ./ts.o
 .debug_abbrev  0x000014e9      0x120 ./uart.o
 .debug_abbrev  0x00001609       0xda ./uda1341ts.o
 .debug_abbrev  0x000016e3       0x7a ./utils.o

.debug_info     0x00000000     0x4469
 .debug_info    0x00000000       0xfc ./tests/test_EEPROM.o
 .debug_info    0x000000fc       0xce ./tests/test_WAV.o
 .debug_info    0x000001ca      0x350 ./tests/test_sound_effects.o
 .debug_info    0x0000051a      0x316 ./multitasking/cyclic.o
 .debug_info    0x00000830      0x2ad ./multitasking/foreback.o
 .debug_info    0x00000add      0x27f ./multitasking/kernelcoop.o
 .debug_info    0x00000d5c      0x44d ./multitasking/non_expropiative.o
 .debug_info    0x000011a9      0x388 ./multitasking/queue.o
 .debug_info    0x00001531       0xf4 ./D8Led.o
 .debug_info    0x00001625      0x199 ./L3.o
 .debug_info    0x000017be      0x277 ./adc.o
 .debug_info    0x00001a35      0x22e ./at24c04.o
 .debug_info    0x00001c63       0xb1 ./button.o
 .debug_info    0x00001d14      0x199 ./dma.o
 .debug_info    0x00001ead       0x95 ./font8x16.o
 .debug_info    0x00001f42      0x291 ./gpio.o
 .debug_info    0x000021d3      0x16c ./iic.o
 .debug_info    0x0000233f      0x38a ./iis.o
 .debug_info    0x000026c9       0x54 ./init.o
 .debug_info    0x0000271d      0x29e ./intcontroller.o
 .debug_info    0x000029bb       0xeb ./keyboard.o
 .debug_info    0x00002aa6      0x50f ./lcd.o
 .debug_info    0x00002fb5      0x1bf ./leds.o
 .debug_info    0x00003174      0x3bf ./main.o
 .debug_info    0x00003533      0x2de ./rtc.o
 .debug_info    0x00003811      0x324 ./timer.o
 .debug_info    0x00003b35      0x3aa ./ts.o
 .debug_info    0x00003edf      0x337 ./uart.o
 .debug_info    0x00004216      0x1ba ./uda1341ts.o
 .debug_info    0x000043d0       0x99 ./utils.o

.debug_line     0x00000000     0x20b9
 .debug_line    0x00000000      0x16a ./tests/test_EEPROM.o
 .debug_line    0x0000016a      0x19b ./tests/test_WAV.o
 .debug_line    0x00000305      0x24c ./tests/test_sound_effects.o
 .debug_line    0x00000551      0x14a ./multitasking/cyclic.o
 .debug_line    0x0000069b      0x129 ./multitasking/foreback.o
 .debug_line    0x000007c4       0xec ./multitasking/kernelcoop.o
 .debug_line    0x000008b0      0x194 ./multitasking/non_expropiative.o
 .debug_line    0x00000a44      0x144 ./multitasking/queue.o
 .debug_line    0x00000b88       0x70 ./D8Led.o
 .debug_line    0x00000bf8       0xc4 ./L3.o
 .debug_line    0x00000cbc       0xc9 ./adc.o
 .debug_line    0x00000d85       0xfe ./at24c04.o
 .debug_line    0x00000e83       0x9e ./button.o
 .debug_line    0x00000f21       0x8b ./dma.o
 .debug_line    0x00000fac       0x43 ./font8x16.o
 .debug_line    0x00000fef      0x10b ./gpio.o
 .debug_line    0x000010fa       0xa2 ./iic.o
 .debug_line    0x0000119c      0x142 ./iis.o
 .debug_line    0x000012de       0x6c ./init.o
 .debug_line    0x0000134a       0xad ./intcontroller.o
 .debug_line    0x000013f7       0x7d ./keyboard.o
 .debug_line    0x00001474      0x18d ./lcd.o
 .debug_line    0x00001601       0xa3 ./leds.o
 .debug_line    0x000016a4      0x495 ./main.o
 .debug_line    0x00001b39       0xfd ./rtc.o
 .debug_line    0x00001c36       0xeb ./timer.o
 .debug_line    0x00001d21      0x167 ./ts.o
 .debug_line    0x00001e88      0x11e ./uart.o
 .debug_line    0x00001fa6       0xa4 ./uda1341ts.o
 .debug_line    0x0000204a       0x6f ./utils.o

.debug_macinfo  0x00000000    0x9127a
 .debug_macinfo
                0x00000000     0x4e68 ./tests/test_EEPROM.o
 .debug_macinfo
                0x00004e68     0x5639 ./tests/test_WAV.o
 .debug_macinfo
                0x0000a4a1     0x53ac ./tests/test_sound_effects.o
 .debug_macinfo
                0x0000f84d     0x53db ./multitasking/cyclic.o
 .debug_macinfo
                0x00014c28     0x538b ./multitasking/foreback.o
 .debug_macinfo
                0x00019fb3     0x4e50 ./multitasking/kernelcoop.o
 .debug_macinfo
                0x0001ee03     0x53a8 ./multitasking/non_expropiative.o
 .debug_macinfo
                0x000241ab     0x539b ./multitasking/queue.o
 .debug_macinfo
                0x00029546     0x50af ./D8Led.o
 .debug_macinfo
                0x0002e5f5     0x4e58 ./L3.o
 .debug_macinfo
                0x0003344d     0x52da ./adc.o
 .debug_macinfo
                0x00038727     0x4e7e ./at24c04.o
 .debug_macinfo
                0x0003d5a5     0x52de ./button.o
 .debug_macinfo
                0x00042883     0x4e32 ./dma.o
 .debug_macinfo
                0x000476b5     0x2325 ./font8x16.o
 .debug_macinfo
                0x000499da     0x4bd6 ./gpio.o
 .debug_macinfo
                0x0004e5b0     0x52a9 ./iic.o
 .debug_macinfo
                0x00053859     0x4e43 ./iis.o
 .debug_macinfo
                0x0005869c     0x4bf8 ./intcontroller.o
 .debug_macinfo
                0x0005d294     0x4bf0 ./keyboard.o
 .debug_macinfo
                0x00061e84     0x4e90 ./lcd.o
 .debug_macinfo
                0x00066d14     0x4e42 ./leds.o
 .debug_macinfo
                0x0006bb56     0x8030 ./main.o
 .debug_macinfo
                0x00073b86     0x4e32 ./rtc.o
 .debug_macinfo
                0x000789b8     0x4bd7 ./timer.o
 .debug_macinfo
                0x0007d58f     0x543e ./ts.o
 .debug_macinfo
                0x000829cd     0x4e13 ./uart.o
 .debug_macinfo
                0x000877e0     0x4ec3 ./uda1341ts.o
 .debug_macinfo
                0x0008c6a3     0x4bd7 ./utils.o

.debug_loc      0x00000000     0x1d90
 .debug_loc     0x00000000       0x2c ./tests/test_EEPROM.o
 .debug_loc     0x0000002c       0x2c ./tests/test_WAV.o
 .debug_loc     0x00000058       0xb0 ./tests/test_sound_effects.o
 .debug_loc     0x00000108      0x108 ./multitasking/cyclic.o
 .debug_loc     0x00000210       0x2c ./multitasking/foreback.o
 .debug_loc     0x0000023c       0xdc ./multitasking/kernelcoop.o
 .debug_loc     0x00000318      0x18c ./multitasking/non_expropiative.o
 .debug_loc     0x000004a4      0x134 ./multitasking/queue.o
 .debug_loc     0x000005d8       0xb0 ./D8Led.o
 .debug_loc     0x00000688       0x58 ./L3.o
 .debug_loc     0x000006e0      0x160 ./adc.o
 .debug_loc     0x00000840       0xdc ./at24c04.o
 .debug_loc     0x0000091c       0x2c ./button.o
 .debug_loc     0x00000948       0xb0 ./dma.o
 .debug_loc     0x000009f8      0x134 ./gpio.o
 .debug_loc     0x00000b2c       0xdc ./iic.o
 .debug_loc     0x00000c08      0x1b8 ./iis.o
 .debug_loc     0x00000dc0      0x134 ./intcontroller.o
 .debug_loc     0x00000ef4       0x2c ./keyboard.o
 .debug_loc     0x00000f20      0x268 ./lcd.o
 .debug_loc     0x00001188      0x1e4 ./leds.o
 .debug_loc     0x0000136c      0x1e4 ./main.o
 .debug_loc     0x00001550      0x18c ./rtc.o
 .debug_loc     0x000016dc      0x160 ./timer.o
 .debug_loc     0x0000183c      0x210 ./ts.o
 .debug_loc     0x00001a4c      0x1b8 ./uart.o
 .debug_loc     0x00001c04      0x134 ./uda1341ts.o
 .debug_loc     0x00001d38       0x58 ./utils.o

.debug_pubnames
                0x00000000      0xd69
 .debug_pubnames
                0x00000000       0x22 ./tests/test_EEPROM.o
 .debug_pubnames
                0x00000022       0x1f ./tests/test_WAV.o
 .debug_pubnames
                0x00000041       0xa0 ./tests/test_sound_effects.o
 .debug_pubnames
                0x000000e1       0x96 ./multitasking/cyclic.o
 .debug_pubnames
                0x00000177       0x9d ./multitasking/foreback.o
 .debug_pubnames
                0x00000214       0x61 ./multitasking/kernelcoop.o
 .debug_pubnames
                0x00000275       0xb3 ./multitasking/non_expropiative.o
 .debug_pubnames
                0x00000328       0x92 ./multitasking/queue.o
 .debug_pubnames
                0x000003ba       0x51 ./D8Led.o
 .debug_pubnames
                0x0000040b       0x2d ./L3.o
 .debug_pubnames
                0x00000438       0x84 ./adc.o
 .debug_pubnames
                0x000004bc       0x72 ./at24c04.o
 .debug_pubnames
                0x0000052e       0x22 ./button.o
 .debug_pubnames
                0x00000550       0x54 ./dma.o
 .debug_pubnames
                0x000005a4       0x1b ./font8x16.o
 .debug_pubnames
                0x000005bf       0x86 ./gpio.o
 .debug_pubnames
                0x00000645       0x5a ./iic.o
 .debug_pubnames
                0x0000069f       0x9e ./iis.o
 .debug_pubnames
                0x0000073d       0x7d ./intcontroller.o
 .debug_pubnames
                0x000007ba       0x1e ./keyboard.o
 .debug_pubnames
                0x000007d8       0xf2 ./lcd.o
 .debug_pubnames
                0x000008ca       0xb3 ./leds.o
 .debug_pubnames
                0x0000097d       0xa4 ./main.o
 .debug_pubnames
                0x00000a21       0xa7 ./rtc.o
 .debug_pubnames
                0x00000ac8       0x9b ./timer.o
 .debug_pubnames
                0x00000b63       0x88 ./ts.o
 .debug_pubnames
                0x00000beb       0xbe ./uart.o
 .debug_pubnames
                0x00000ca9       0x9a ./uda1341ts.o
 .debug_pubnames
                0x00000d43       0x26 ./utils.o

.debug_pubtypes
                0x00000000      0x789
 .debug_pubtypes
                0x00000000       0x32 ./tests/test_EEPROM.o
 .debug_pubtypes
                0x00000032       0x41 ./tests/test_WAV.o
 .debug_pubtypes
                0x00000073       0x64 ./tests/test_sound_effects.o
 .debug_pubtypes
                0x000000d7       0x65 ./multitasking/cyclic.o
 .debug_pubtypes
                0x0000013c       0x5c ./multitasking/foreback.o
 .debug_pubtypes
                0x00000198       0x41 ./multitasking/kernelcoop.o
 .debug_pubtypes
                0x000001d9       0x76 ./multitasking/non_expropiative.o
 .debug_pubtypes
                0x0000024f       0x84 ./multitasking/queue.o
 .debug_pubtypes
                0x000002d3       0x12 ./D8Led.o
 .debug_pubtypes
                0x000002e5       0x41 ./L3.o
 .debug_pubtypes
                0x00000326       0x51 ./adc.o
 .debug_pubtypes
                0x00000377       0x44 ./at24c04.o
 .debug_pubtypes
                0x000003bb       0x1e ./button.o
 .debug_pubtypes
                0x000003d9       0x2c ./dma.o
 .debug_pubtypes
                0x00000405       0x1c ./font8x16.o
 .debug_pubtypes
                0x00000421       0x43 ./gpio.o
 .debug_pubtypes
                0x00000464       0x44 ./iic.o
 .debug_pubtypes
                0x000004a8       0x4d ./iis.o
 .debug_pubtypes
                0x000004f5       0x43 ./intcontroller.o
 .debug_pubtypes
                0x00000538       0x12 ./keyboard.o
 .debug_pubtypes
                0x0000054a       0x32 ./lcd.o
 .debug_pubtypes
                0x0000057c       0x35 ./leds.o
 .debug_pubtypes
                0x000005b1       0x76 ./main.o
 .debug_pubtypes
                0x00000627       0x45 ./rtc.o
 .debug_pubtypes
                0x0000066c       0x39 ./timer.o
 .debug_pubtypes
                0x000006a5       0x54 ./ts.o
 .debug_pubtypes
                0x000006f9       0x40 ./uart.o
 .debug_pubtypes
                0x00000739       0x3e ./uda1341ts.o
 .debug_pubtypes
                0x00000777       0x12 ./utils.o

.debug_aranges  0x00000000      0x3a0
 .debug_aranges
                0x00000000       0x20 ./tests/test_EEPROM.o
 .debug_aranges
                0x00000020       0x20 ./tests/test_WAV.o
 .debug_aranges
                0x00000040       0x20 ./tests/test_sound_effects.o
 .debug_aranges
                0x00000060       0x20 ./multitasking/cyclic.o
 .debug_aranges
                0x00000080       0x20 ./multitasking/foreback.o
 .debug_aranges
                0x000000a0       0x20 ./multitasking/kernelcoop.o
 .debug_aranges
                0x000000c0       0x20 ./multitasking/non_expropiative.o
 .debug_aranges
                0x000000e0       0x20 ./multitasking/queue.o
 .debug_aranges
                0x00000100       0x20 ./D8Led.o
 .debug_aranges
                0x00000120       0x20 ./L3.o
 .debug_aranges
                0x00000140       0x20 ./adc.o
 .debug_aranges
                0x00000160       0x20 ./at24c04.o
 .debug_aranges
                0x00000180       0x20 ./button.o
 .debug_aranges
                0x000001a0       0x20 ./dma.o
 .debug_aranges
                0x000001c0       0x20 ./gpio.o
 .debug_aranges
                0x000001e0       0x20 ./iic.o
 .debug_aranges
                0x00000200       0x20 ./iis.o
 .debug_aranges
                0x00000220       0x20 ./init.o
 .debug_aranges
                0x00000240       0x20 ./intcontroller.o
 .debug_aranges
                0x00000260       0x20 ./keyboard.o
 .debug_aranges
                0x00000280       0x20 ./lcd.o
 .debug_aranges
                0x000002a0       0x20 ./leds.o
 .debug_aranges
                0x000002c0       0x20 ./main.o
 .debug_aranges
                0x000002e0       0x20 ./rtc.o
 .debug_aranges
                0x00000300       0x20 ./timer.o
 .debug_aranges
                0x00000320       0x20 ./ts.o
 .debug_aranges
                0x00000340       0x20 ./uart.o
 .debug_aranges
                0x00000360       0x20 ./uda1341ts.o
 .debug_aranges
                0x00000380       0x20 ./utils.o

.debug_str      0x00000000      0xf47
 .debug_str     0x00000000       0xc9 ./tests/test_EEPROM.o
                                 0xe9 (size before relaxing)
 .debug_str     0x000000c9       0x44 ./tests/test_WAV.o
                                 0xeb (size before relaxing)
 .debug_str     0x0000010d       0xbb ./tests/test_sound_effects.o
                                0x18b (size before relaxing)
 .debug_str     0x000001c8      0x1d6 ./multitasking/cyclic.o
                                0x2a9 (size before relaxing)
 .debug_str     0x0000039e       0x5e ./multitasking/foreback.o
                                0x2b9 (size before relaxing)
 .debug_str     0x000003fc       0x7c ./multitasking/kernelcoop.o
                                0x23e (size before relaxing)
 .debug_str     0x00000478       0x9d ./multitasking/non_expropiative.o
                                0x324 (size before relaxing)
 .debug_str     0x00000515       0x9e ./multitasking/queue.o
                                0x306 (size before relaxing)
 .debug_str     0x000005b3       0x50 ./D8Led.o
                                 0x8a (size before relaxing)
 .debug_str     0x00000603       0x71 ./L3.o
                                0x117 (size before relaxing)
 .debug_str     0x00000674       0xb8 ./adc.o
                                0x27f (size before relaxing)
 .debug_str     0x0000072c       0xa0 ./at24c04.o
                                0x15a (size before relaxing)
 .debug_str     0x000007cc       0x28 ./button.o
                                 0xc3 (size before relaxing)
 .debug_str     0x000007f4       0x44 ./dma.o
                                0x1f1 (size before relaxing)
 .debug_str     0x00000838       0x13 ./font8x16.o
                                 0xaf (size before relaxing)
 .debug_str     0x0000084b       0x98 ./gpio.o
                                0x106 (size before relaxing)
 .debug_str     0x000008e3       0x3d ./iic.o
                                0x121 (size before relaxing)
 .debug_str     0x00000920       0xa1 ./iis.o
                                0x296 (size before relaxing)
 .debug_str     0x000009c1       0x68 ./intcontroller.o
                                0x1ef (size before relaxing)
 .debug_str     0x00000a29       0x2f ./keyboard.o
                                 0x82 (size before relaxing)
 .debug_str     0x00000a58       0xff ./lcd.o
                                0x1cf (size before relaxing)
 .debug_str     0x00000b57       0x8b ./leds.o
                                0x167 (size before relaxing)
 .debug_str     0x00000be2       0x6f ./main.o
                                0x2f4 (size before relaxing)
 .debug_str     0x00000c51       0x85 ./rtc.o
                                0x269 (size before relaxing)
 .debug_str     0x00000cd6       0x89 ./timer.o
                                0x143 (size before relaxing)
 .debug_str     0x00000d5f       0x78 ./ts.o
                                0x2d0 (size before relaxing)
 .debug_str     0x00000dd7       0x97 ./uart.o
                                0x16d (size before relaxing)
 .debug_str     0x00000e6e       0xac ./uda1341ts.o
                                0x172 (size before relaxing)
 .debug_str     0x00000f1a       0x2d ./utils.o
                                 0x5f (size before relaxing)

.comment        0x00000000       0x2a
 .comment       0x00000000       0x2a ./tests/test_EEPROM.o
                                 0x2b (size before relaxing)
 .comment       0x00000000       0x2b ./tests/test_WAV.o
 .comment       0x00000000       0x2b ./tests/test_sound_effects.o
 .comment       0x00000000       0x2b ./multitasking/cyclic.o
 .comment       0x00000000       0x2b ./multitasking/foreback.o
 .comment       0x00000000       0x2b ./multitasking/kernelcoop.o
 .comment       0x00000000       0x2b ./multitasking/non_expropiative.o
 .comment       0x00000000       0x2b ./multitasking/queue.o
 .comment       0x00000000       0x2b ./D8Led.o
 .comment       0x00000000       0x2b ./L3.o
 .comment       0x00000000       0x2b ./adc.o
 .comment       0x00000000       0x2b ./at24c04.o
 .comment       0x00000000       0x2b ./button.o
 .comment       0x00000000       0x2b ./dma.o
 .comment       0x00000000       0x2b ./font8x16.o
 .comment       0x00000000       0x2b ./gpio.o
 .comment       0x00000000       0x2b ./iic.o
 .comment       0x00000000       0x2b ./iis.o
 .comment       0x00000000       0x2b ./intcontroller.o
 .comment       0x00000000       0x2b ./keyboard.o
 .comment       0x00000000       0x2b ./lcd.o
 .comment       0x00000000       0x2b ./leds.o
 .comment       0x00000000       0x2b ./main.o
 .comment       0x00000000       0x2b ./rtc.o
 .comment       0x00000000       0x2b ./timer.o
 .comment       0x00000000       0x2b ./ts.o
 .comment       0x00000000       0x2b ./uart.o
 .comment       0x00000000       0x2b ./uda1341ts.o
 .comment       0x00000000       0x2b ./utils.o

.ARM.attributes
                0x00000000       0x30
 .ARM.attributes
                0x00000000       0x32 ./tests/test_EEPROM.o
 .ARM.attributes
                0x00000032       0x32 ./tests/test_WAV.o
 .ARM.attributes
                0x00000064       0x32 ./tests/test_sound_effects.o
 .ARM.attributes
                0x00000096       0x32 ./multitasking/cyclic.o
 .ARM.attributes
                0x000000c8       0x32 ./multitasking/foreback.o
 .ARM.attributes
                0x000000fa       0x32 ./multitasking/kernelcoop.o
 .ARM.attributes
                0x0000012c       0x32 ./multitasking/non_expropiative.o
 .ARM.attributes
                0x0000015e       0x32 ./multitasking/queue.o
 .ARM.attributes
                0x00000190       0x32 ./D8Led.o
 .ARM.attributes
                0x000001c2       0x32 ./L3.o
 .ARM.attributes
                0x000001f4       0x32 ./adc.o
 .ARM.attributes
                0x00000226       0x32 ./at24c04.o
 .ARM.attributes
                0x00000258       0x32 ./button.o
 .ARM.attributes
                0x0000028a       0x32 ./dma.o
 .ARM.attributes
                0x000002bc       0x32 ./font8x16.o
 .ARM.attributes
                0x000002ee       0x32 ./gpio.o
 .ARM.attributes
                0x00000320       0x32 ./iic.o
 .ARM.attributes
                0x00000352       0x32 ./iis.o
 .ARM.attributes
                0x00000384       0x22 ./init.o
 .ARM.attributes
                0x000003a6       0x32 ./intcontroller.o
 .ARM.attributes
                0x000003d8       0x32 ./keyboard.o
 .ARM.attributes
                0x0000040a       0x32 ./lcd.o
 .ARM.attributes
                0x0000043c       0x32 ./leds.o
 .ARM.attributes
                0x0000046e       0x32 ./main.o
 .ARM.attributes
                0x000004a0       0x32 ./rtc.o
 .ARM.attributes
                0x000004d2       0x32 ./timer.o
 .ARM.attributes
                0x00000504       0x32 ./ts.o
 .ARM.attributes
                0x00000536       0x32 ./uart.o
 .ARM.attributes
                0x00000568       0x32 ./uda1341ts.o
 .ARM.attributes
                0x0000059a       0x32 ./utils.o
 .ARM.attributes
                0x000005cc       0x1a c:/eclipsearm/sourcery-g++-lite-arm-2011.03/bin/../lib/gcc/arm-none-eabi/4.5.2\libgcc.a(_divsi3.o)
 .ARM.attributes
                0x000005e6       0x18 c:/eclipsearm/sourcery-g++-lite-arm-2011.03/bin/../lib/gcc/arm-none-eabi/4.5.2\libgcc.a(_dvmd_tls.o)

.debug_frame    0x00000000     0x180c
 .debug_frame   0x00000000       0x30 ./tests/test_EEPROM.o
 .debug_frame   0x00000030       0x30 ./tests/test_WAV.o
 .debug_frame   0x00000060       0x90 ./tests/test_sound_effects.o
 .debug_frame   0x000000f0       0xd0 ./multitasking/cyclic.o
 .debug_frame   0x000001c0       0x30 ./multitasking/foreback.o
 .debug_frame   0x000001f0       0xbc ./multitasking/kernelcoop.o
 .debug_frame   0x000002ac      0x13c ./multitasking/non_expropiative.o
 .debug_frame   0x000003e8       0xfc ./multitasking/queue.o
 .debug_frame   0x000004e4       0x90 ./D8Led.o
 .debug_frame   0x00000574       0x50 ./L3.o
 .debug_frame   0x000005c4      0x11c ./adc.o
 .debug_frame   0x000006e0       0xb0 ./at24c04.o
 .debug_frame   0x00000790       0x30 ./button.o
 .debug_frame   0x000007c0       0x9c ./dma.o
 .debug_frame   0x0000085c       0xf0 ./gpio.o
 .debug_frame   0x0000094c       0xb0 ./iic.o
 .debug_frame   0x000009fc      0x15c ./iis.o
 .debug_frame   0x00000b58       0xf0 ./intcontroller.o
 .debug_frame   0x00000c48       0x34 ./keyboard.o
 .debug_frame   0x00000c7c      0x1d0 ./lcd.o
 .debug_frame   0x00000e4c      0x170 ./leds.o
 .debug_frame   0x00000fbc      0x1ac ./main.o
 .debug_frame   0x00001168      0x148 ./rtc.o
 .debug_frame   0x000012b0      0x110 ./timer.o
 .debug_frame   0x000013c0      0x19c ./ts.o
 .debug_frame   0x0000155c      0x150 ./uart.o
 .debug_frame   0x000016ac       0xf0 ./uda1341ts.o
 .debug_frame   0x0000179c       0x50 ./utils.o
 .debug_frame   0x000017ec       0x20 c:/eclipsearm/sourcery-g++-lite-arm-2011.03/bin/../lib/gcc/arm-none-eabi/4.5.2\libgcc.a(_divsi3.o)
