Archive member included because of file (symbol)

c:/eclipsearm/sourcery-g++-lite-arm-2011.03/bin/../lib/gcc/arm-none-eabi/4.5.2\libgcc.a(_divsi3.o)
                              ./ts.o (__aeabi_idiv)
c:/eclipsearm/sourcery-g++-lite-arm-2011.03/bin/../lib/gcc/arm-none-eabi/4.5.2\libgcc.a(_dvmd_tls.o)
                              c:/eclipsearm/sourcery-g++-lite-arm-2011.03/bin/../lib/gcc/arm-none-eabi/4.5.2\libgcc.a(_divsi3.o) (__aeabi_idiv0)

Allocating common symbols
Common symbol       size              file

buffer              0x9c400           ./tests/test_sound_effects.o
delay_buffer        0x1f406           ./tests/test_sound_effects.o

Memory Configuration

Name             Origin             Length             Attributes
*default*        0x00000000         0xffffffff

Linker script and memory map

LOAD ./tests/test_EEPROM.o
LOAD ./tests/test_WAV.o
LOAD ./tests/test_sound_effects.o
LOAD ./D8Led.o
LOAD ./L3.o
LOAD ./adc.o
LOAD ./at24c04.o
LOAD ./button.o
LOAD ./dma.o
LOAD ./font8x16.o
LOAD ./gpio.o
LOAD ./iic.o
LOAD ./iis.o
LOAD ./init.o
LOAD ./intcontroller.o
LOAD ./keyboard.o
LOAD ./lcd.o
LOAD ./leds.o
LOAD ./main.o
LOAD ./rtc.o
LOAD ./timer.o
LOAD ./ts.o
LOAD ./uart.o
LOAD ./uda1341ts.o
LOAD ./utils.o
START GROUP
LOAD c:/eclipsearm/sourcery-g++-lite-arm-2011.03/bin/../lib/gcc/arm-none-eabi/4.5.2\libgcc.a
LOAD c:/eclipsearm/sourcery-g++-lite-arm-2011.03/bin/../lib/gcc/arm-none-eabi/4.5.2/../../../../arm-none-eabi/lib\libc.a
END GROUP
                0x0c100000                . = 0xc100000

.data           0x0c100000     0x1c7c
 *(.data*)
 .data          0x0c100000        0x0 ./tests/test_EEPROM.o
 .data          0x0c100000        0x0 ./tests/test_WAV.o
 .data          0x0c100000       0xd8 ./tests/test_sound_effects.o
                0x0c100000                triangle
                0x0c100048                square
                0x0c100090                sine
 .data          0x0c1000d8       0x60 ./D8Led.o
 .data          0x0c100138        0x0 ./L3.o
 .data          0x0c100138        0x0 ./adc.o
 .data          0x0c100138        0x0 ./at24c04.o
 .data          0x0c100138        0x0 ./button.o
 .data          0x0c100138        0x0 ./dma.o
 .data          0x0c100138        0x0 ./font8x16.o
 .data          0x0c100138        0x0 ./gpio.o
 .data          0x0c100138        0x0 ./iic.o
 .data          0x0c100138        0x0 ./iis.o
 .data          0x0c100138        0x0 ./init.o
 .data          0x0c100138        0x0 ./intcontroller.o
 .data          0x0c100138        0x4 ./keyboard.o
 .data          0x0c10013c        0x0 ./lcd.o
 .data          0x0c10013c        0x0 ./leds.o
 .data          0x0c10013c        0x0 ./main.o
 .data          0x0c10013c        0x0 ./rtc.o
 .data          0x0c10013c        0x0 ./timer.o
 .data          0x0c10013c        0x0 ./ts.o
 .data          0x0c10013c        0x0 ./uart.o
 .data          0x0c10013c        0x0 ./uda1341ts.o
 .data          0x0c10013c        0x4 ./utils.o
 .data          0x0c100140        0x0 c:/eclipsearm/sourcery-g++-lite-arm-2011.03/bin/../lib/gcc/arm-none-eabi/4.5.2\libgcc.a(_divsi3.o)
 .data          0x0c100140        0x0 c:/eclipsearm/sourcery-g++-lite-arm-2011.03/bin/../lib/gcc/arm-none-eabi/4.5.2\libgcc.a(_dvmd_tls.o)
 *(.rodata*)
 .rodata        0x0c100140      0x29c ./tests/test_EEPROM.o
 .rodata        0x0c1003dc      0x39c ./tests/test_WAV.o
 .rodata        0x0c100778      0x344 ./tests/test_sound_effects.o
 .rodata        0x0c100abc     0x1000 ./font8x16.o
                0x0c100abc                font
 .rodata        0x0c101abc       0x50 ./keyboard.o
 .rodata        0x0c101b0c       0x98 ./main.o
 .rodata        0x0c101ba4       0xd8 ./ts.o
                0x0c101c7c                Image_ZI_Base = .

.bss            0x0c101c7c    0xc4e32
 *(.bss*)
 .bss           0x0c101c7c        0x0 ./tests/test_EEPROM.o
 .bss           0x0c101c7c        0x0 ./tests/test_WAV.o
 .bss           0x0c101c7c        0x0 ./tests/test_sound_effects.o
 .bss           0x0c101c7c        0x0 ./D8Led.o
 .bss           0x0c101c7c        0x0 ./L3.o
 .bss           0x0c101c7c        0x1 ./adc.o
 .bss           0x0c101c7d        0x0 ./at24c04.o
 .bss           0x0c101c7d        0x0 ./button.o
 .bss           0x0c101c7d        0x0 ./dma.o
 .bss           0x0c101c7d        0x0 ./font8x16.o
 .bss           0x0c101c7d        0x0 ./gpio.o
 .bss           0x0c101c7d        0x0 ./iic.o
 .bss           0x0c101c7d        0x1 ./iis.o
 .bss           0x0c101c7e        0x0 ./init.o
 .bss           0x0c101c7e        0x0 ./intcontroller.o
 .bss           0x0c101c7e        0x0 ./keyboard.o
 *fill*         0x0c101c7e        0x2 00
 .bss           0x0c101c80     0x9604 ./lcd.o
 .bss           0x0c10b284        0x4 ./leds.o
 .bss           0x0c10b288       0x14 ./main.o
 .bss           0x0c10b29c        0x0 ./rtc.o
 .bss           0x0c10b29c        0x0 ./timer.o
 .bss           0x0c10b29c        0xa ./ts.o
 .bss           0x0c10b2a6        0x0 ./uart.o
 .bss           0x0c10b2a6        0x2 ./uda1341ts.o
 .bss           0x0c10b2a8        0x0 ./utils.o
 .bss           0x0c10b2a8        0x0 c:/eclipsearm/sourcery-g++-lite-arm-2011.03/bin/../lib/gcc/arm-none-eabi/4.5.2\libgcc.a(_divsi3.o)
 .bss           0x0c10b2a8        0x0 c:/eclipsearm/sourcery-g++-lite-arm-2011.03/bin/../lib/gcc/arm-none-eabi/4.5.2\libgcc.a(_dvmd_tls.o)
 *(COMMON)
 COMMON         0x0c10b2a8    0xbb806 ./tests/test_sound_effects.o
                0x0c10b2a8                buffer
                0x0c1a76a8                delay_buffer
                0x0c1c6aae                Image_ZI_Limit = .

.text           0x0c1c6ab0     0x7808
 *(.text*)
 .text          0x0c1c6ab0      0x52c ./tests/test_EEPROM.o
                0x0c1c6ab0                test_EEPROM
 .text          0x0c1c6fdc      0x658 ./tests/test_WAV.o
                0x0c1c6fdc                test_WAV
 .text          0x0c1c7634      0xf38 ./tests/test_sound_effects.o
                0x0c1c7634                test_sound_effects
                0x0c1c831c                audiodelay_init
                0x0c1c83d8                audiodelay_put
                0x0c1c84a0                audiodelay_get
 .text          0x0c1c856c      0x100 ./D8Led.o
                0x0c1c856c                D8Led_init
                0x0c1c8590                D8Led_off
                0x0c1c85b4                D8Led_segment
                0x0c1c8610                D8Led_digit
 .text          0x0c1c866c      0x2b0 ./L3.o
                0x0c1c866c                L3_init
                0x0c1c870c                L3_putByte
 .text          0x0c1c891c      0x28c ./adc.o
                0x0c1c891c                isr_ADC_dummy
                0x0c1c8944                adc_init
                0x0c1c8970                adc_on
                0x0c1c89b4                adc_off
                0x0c1c89f0                adc_status
                0x0c1c8a18                adc_getSample
                0x0c1c8b3c                adc_open
                0x0c1c8b74                adc_close
 .text          0x0c1c8ba8      0x3d4 ./at24c04.o
                0x0c1c8ba8                at24c04_clear
                0x0c1c8c84                at24c04_bytewrite
                0x0c1c8d10                at24c04_byteread
                0x0c1c8dd0                at24c04_load
                0x0c1c8e88                at24c04_store
 .text          0x0c1c8f7c       0x7c ./button.o
                0x0c1c8f7c                read_button
 .text          0x0c1c8ff8       0xfc ./dma.o
                0x0c1c8ff8                isr_BDMA0_dummy
                0x0c1c9020                bdma0_init
                0x0c1c9080                bdma0_open
                0x0c1c90c0                bdma0_close
 .text          0x0c1c90f4        0x0 ./font8x16.o
 .text          0x0c1c90f4      0x898 ./gpio.o
                0x0c1c90f4                portB_conf
                0x0c1c91bc                portB_write
                0x0c1c9278                portG_conf
                0x0c1c9430                portG_eint_trig
                0x0c1c9700                portG_write
                0x0c1c9800                portG_read
                0x0c1c98c4                portG_conf_pup
 .text          0x0c1c998c      0x230 ./iic.o
                0x0c1c998c                iic_init
                0x0c1c99d4                iic_start
                0x0c1c9a58                iic_putByte
                0x0c1c9abc                iic_getByte
                0x0c1c9b5c                iic_stop
 .text          0x0c1c9bbc      0x694 ./iis.o
                0x0c1c9bbc                iis_init
                0x0c1c9cd4                iis_putSample
                0x0c1c9d3c                iis_getSample
                0x0c1c9dc0                iis_play
                0x0c1c9f70                iis_rec
                0x0c1ca0b4                iis_pause
                0x0c1ca0e4                iis_continue
                0x0c1ca114                iis_status
                0x0c1ca148                iis_playWawFile
 .text          0x0c1ca250      0x100 ./init.o
                0x0c1ca250                start
 .text          0x0c1ca350      0x3b8 ./intcontroller.o
                0x0c1ca350                ic_init
                0x0c1ca394                ic_conf_irq
                0x0c1ca450                ic_conf_fiq
                0x0c1ca4d4                ic_conf_line
                0x0c1ca594                ic_enable
                0x0c1ca5fc                ic_disable
                0x0c1ca660                ic_cleanflag
 .text          0x0c1ca708      0x1a4 ./keyboard.o
                0x0c1ca708                kb_scan
 .text          0x0c1ca8ac      0xa28 ./lcd.o
                0x0c1ca8ac                lcd_init
                0x0c1caa30                lcd_on
                0x0c1caa6c                lcd_off
                0x0c1caaa8                lcd_status
                0x0c1caad0                lcd_clear
                0x0c1cab2c                lcd_clear_color
                0x0c1cabb4                lcd_putpixel
                0x0c1caca0                lcd_getpixel
                0x0c1cad50                lcd_draw_hline
                0x0c1cae00                lcd_draw_vline
                0x0c1caeb0                lcd_draw_box
                0x0c1caf84                lcd_putchar
                0x0c1cb0d8                lcd_puts
                0x0c1cb178                lcd_putWallpaper
 .text          0x0c1cb2d4      0x300 ./leds.o
                0x0c1cb2d4                leds_init
                0x0c1cb318                led1_on
                0x0c1cb358                led1_off
                0x0c1cb398                led2_on
                0x0c1cb3d8                led2_off
                0x0c1cb418                led1_switch
                0x0c1cb458                led2_switch
                0x0c1cb498                leds_switch
                0x0c1cb4d8                leds_display
                0x0c1cb56c                led1_status
                0x0c1cb5a0                led2_status
 .text          0x0c1cb5d4      0x614 ./main.o
                0x0c1cb5d4                timer_ISR
                0x0c1cb604                button_ISR
                0x0c1cb6a4                keyboard_ISR
                0x0c1cb720                setup
                0x0c1cb884                read_date
                0x0c1cb984                rtc_ISR
                0x0c1cb9c8                rtc_alarm_ISR
                0x0c1cb9fc                clock_setup
                0x0c1cbb48                startup
                0x0c1cbbac                loop
                0x0c1cbbcc                main
 .text          0x0c1cbbe8      0xdf4 ./rtc.o
                0x0c1cbbe8                isr_TICK_dummy
                0x0c1cbc10                isr_ALARM_dummy
                0x0c1cbc38                rtc_init
                0x0c1cbd0c                rtc_puttime
                0x0c1cc0e0                rtc_gettime
                0x0c1cc520                rtc_set_alarm
                0x0c1cc8e4                rtc_clear_alarm
                0x0c1cc928                rtc_open
                0x0c1cc998                rtc_close
 .text          0x0c1cc9dc      0x6b4 ./timer.o
                0x0c1cc9dc                tmr_set_prescaler
                0x0c1ccab8                tmr_set_divider
                0x0c1ccbf4                tmr_set_count
                0x0c1ccd28                tmr_update
                0x0c1ccde0                tmr_set_mode
                0x0c1cceec                tmr_start
                0x0c1ccf74                tmr_stop
                0x0c1cd000                tmr_isrunning
 .text          0x0c1cd090      0x72c ./ts.o
                0x0c1cd090                isr_TS_dummy
                0x0c1cd0b8                ts_init
                0x0c1cd14c                ts_on
                0x0c1cd178                ts_off
                0x0c1cd1a4                ts_status
                0x0c1cd1cc                ts_pressed
                0x0c1cd434                ts_getpos
                0x0c1cd748                ts_open
                0x0c1cd788                ts_close
 .text          0x0c1cd7bc      0x5f4 ./uart.o
                0x0c1cd7bc                uart0_init
                0x0c1cd820                uart0_putchar
                0x0c1cd870                uart0_getchar
                0x0c1cd8b8                uart0_puts
                0x0c1cd908                uart0_putint
                0x0c1cda08                uart0_puthex
                0x0c1cdac0                uart0_gets
                0x0c1cdb2c                uart0_getint
                0x0c1cdc04                uart0_gethex
                0x0c1cdd08                uart0_put_rtc_time
 .text          0x0c1cddb0      0x284 ./uda1341ts.o
                0x0c1cddb0                uda1341ts_init
                0x0c1cde2c                uda1341ts_mute
                0x0c1cde88                uda1341ts_on
                0x0c1cdef8                uda1341ts_off
                0x0c1cdf78                uda1341ts_status
                0x0c1cdfac                uda1341ts_setvol
                0x0c1ce00c                uda1341ts_getvol
 .text          0x0c1ce034      0x138 ./utils.o
                0x0c1ce034                Delay
 .text          0x0c1ce16c      0x148 c:/eclipsearm/sourcery-g++-lite-arm-2011.03/bin/../lib/gcc/arm-none-eabi/4.5.2\libgcc.a(_divsi3.o)
                0x0c1ce16c                __divsi3
                0x0c1ce16c                __aeabi_idiv
                0x0c1ce294                __aeabi_idivmod
 .text          0x0c1ce2b4        0x4 c:/eclipsearm/sourcery-g++-lite-arm-2011.03/bin/../lib/gcc/arm-none-eabi/4.5.2\libgcc.a(_dvmd_tls.o)
                0x0c1ce2b4                __aeabi_idiv0
                0x0c1ce2b4                __aeabi_ldiv0
                0x0c1ce2b8                PROVIDE (end, .)
START GROUP
LOAD c:/eclipsearm/sourcery-g++-lite-arm-2011.03/bin/../lib/gcc/arm-none-eabi/4.5.2\libgcc.a
LOAD c:/eclipsearm/sourcery-g++-lite-arm-2011.03/bin/../lib/gcc/arm-none-eabi/4.5.2/../../../../arm-none-eabi/lib\libg.a
LOAD c:/eclipsearm/sourcery-g++-lite-arm-2011.03/bin/../lib/gcc/arm-none-eabi/4.5.2/../../../../arm-none-eabi/lib\libc.a
LOAD c:/eclipsearm/sourcery-g++-lite-arm-2011.03/bin/../lib/gcc/arm-none-eabi/4.5.2/../../../../arm-none-eabi/lib\libm.a
LOAD c:/eclipsearm/sourcery-g++-lite-arm-2011.03/bin/../lib/gcc/arm-none-eabi/4.5.2/../../../../arm-none-eabi/lib\libnosys.a
END GROUP
OUTPUT(prac2a.elf elf32-littlearm)

.glue_7         0x0c1ce2b8        0x0
 .glue_7        0x00000000        0x0 linker stubs

.glue_7t        0x0c1ce2b8        0x0
 .glue_7t       0x00000000        0x0 linker stubs

.vfp11_veneer   0x0c1ce2b8        0x0
 .vfp11_veneer  0x00000000        0x0 linker stubs

.v4_bx          0x0c1ce2b8        0x0
 .v4_bx         0x00000000        0x0 linker stubs

.debug_abbrev   0x00000000     0x1286
 .debug_abbrev  0x00000000       0x7e ./tests/test_EEPROM.o
 .debug_abbrev  0x0000007e       0x84 ./tests/test_WAV.o
 .debug_abbrev  0x00000102      0x151 ./tests/test_sound_effects.o
 .debug_abbrev  0x00000253       0x88 ./D8Led.o
 .debug_abbrev  0x000002db       0xb0 ./L3.o
 .debug_abbrev  0x0000038b       0xea ./adc.o
 .debug_abbrev  0x00000475       0xbc ./at24c04.o
 .debug_abbrev  0x00000531       0x82 ./button.o
 .debug_abbrev  0x000005b3       0x98 ./dma.o
 .debug_abbrev  0x0000064b       0x63 ./font8x16.o
 .debug_abbrev  0x000006ae       0xb7 ./gpio.o
 .debug_abbrev  0x00000765       0xc9 ./iic.o
 .debug_abbrev  0x0000082e       0xf9 ./iis.o
 .debug_abbrev  0x00000927       0x14 ./init.o
 .debug_abbrev  0x0000093b       0xdd ./intcontroller.o
 .debug_abbrev  0x00000a18       0x85 ./keyboard.o
 .debug_abbrev  0x00000a9d      0x102 ./lcd.o
 .debug_abbrev  0x00000b9f       0xc1 ./leds.o
 .debug_abbrev  0x00000c60      0x15d ./main.o
 .debug_abbrev  0x00000dbd       0xdf ./rtc.o
 .debug_abbrev  0x00000e9c       0xa5 ./timer.o
 .debug_abbrev  0x00000f41       0xe6 ./ts.o
 .debug_abbrev  0x00001027      0x120 ./uart.o
 .debug_abbrev  0x00001147       0xda ./uda1341ts.o
 .debug_abbrev  0x00001221       0x65 ./utils.o

.debug_info     0x00000000     0x34e8
 .debug_info    0x00000000       0xfc ./tests/test_EEPROM.o
 .debug_info    0x000000fc       0xce ./tests/test_WAV.o
 .debug_info    0x000001ca      0x350 ./tests/test_sound_effects.o
 .debug_info    0x0000051a       0xf4 ./D8Led.o
 .debug_info    0x0000060e      0x199 ./L3.o
 .debug_info    0x000007a7      0x277 ./adc.o
 .debug_info    0x00000a1e      0x22e ./at24c04.o
 .debug_info    0x00000c4c       0xb1 ./button.o
 .debug_info    0x00000cfd      0x199 ./dma.o
 .debug_info    0x00000e96       0x95 ./font8x16.o
 .debug_info    0x00000f2b      0x291 ./gpio.o
 .debug_info    0x000011bc      0x16c ./iic.o
 .debug_info    0x00001328      0x38a ./iis.o
 .debug_info    0x000016b2       0x54 ./init.o
 .debug_info    0x00001706      0x29e ./intcontroller.o
 .debug_info    0x000019a4       0xeb ./keyboard.o
 .debug_info    0x00001a8f      0x50f ./lcd.o
 .debug_info    0x00001f9e      0x1bf ./leds.o
 .debug_info    0x0000215d      0x46a ./main.o
 .debug_info    0x000025c7      0x2de ./rtc.o
 .debug_info    0x000028a5      0x324 ./timer.o
 .debug_info    0x00002bc9      0x3aa ./ts.o
 .debug_info    0x00002f73      0x337 ./uart.o
 .debug_info    0x000032aa      0x1ba ./uda1341ts.o
 .debug_info    0x00003464       0x84 ./utils.o

.debug_line     0x00000000     0x1a59
 .debug_line    0x00000000      0x16a ./tests/test_EEPROM.o
 .debug_line    0x0000016a      0x19b ./tests/test_WAV.o
 .debug_line    0x00000305      0x24c ./tests/test_sound_effects.o
 .debug_line    0x00000551       0x70 ./D8Led.o
 .debug_line    0x000005c1       0xc4 ./L3.o
 .debug_line    0x00000685       0xc9 ./adc.o
 .debug_line    0x0000074e       0xfe ./at24c04.o
 .debug_line    0x0000084c       0x9e ./button.o
 .debug_line    0x000008ea       0x8b ./dma.o
 .debug_line    0x00000975       0x43 ./font8x16.o
 .debug_line    0x000009b8      0x10b ./gpio.o
 .debug_line    0x00000ac3       0xa2 ./iic.o
 .debug_line    0x00000b65      0x142 ./iis.o
 .debug_line    0x00000ca7       0x6c ./init.o
 .debug_line    0x00000d13       0xad ./intcontroller.o
 .debug_line    0x00000dc0       0x7d ./keyboard.o
 .debug_line    0x00000e3d      0x18d ./lcd.o
 .debug_line    0x00000fca       0xa3 ./leds.o
 .debug_line    0x0000106d      0x470 ./main.o
 .debug_line    0x000014dd       0xfd ./rtc.o
 .debug_line    0x000015da       0xeb ./timer.o
 .debug_line    0x000016c5      0x167 ./ts.o
 .debug_line    0x0000182c      0x11e ./uart.o
 .debug_line    0x0000194a       0xa4 ./uda1341ts.o
 .debug_line    0x000019ee       0x6b ./utils.o

.debug_macinfo  0x00000000    0x7542e
 .debug_macinfo
                0x00000000     0x4e5e ./tests/test_EEPROM.o
 .debug_macinfo
                0x00004e5e     0x5197 ./tests/test_WAV.o
 .debug_macinfo
                0x00009ff5     0x4f0a ./tests/test_sound_effects.o
 .debug_macinfo
                0x0000eeff     0x50a5 ./D8Led.o
 .debug_macinfo
                0x00013fa4     0x4e4e ./L3.o
 .debug_macinfo
                0x00018df2     0x4e38 ./adc.o
 .debug_macinfo
                0x0001dc2a     0x4e74 ./at24c04.o
 .debug_macinfo
                0x00022a9e     0x4e3c ./button.o
 .debug_macinfo
                0x000278da     0x4e28 ./dma.o
 .debug_macinfo
                0x0002c702     0x2325 ./font8x16.o
 .debug_macinfo
                0x0002ea27     0x4bcc ./gpio.o
 .debug_macinfo
                0x000335f3     0x4e07 ./iic.o
 .debug_macinfo
                0x000383fa     0x4e39 ./iis.o
 .debug_macinfo
                0x0003d233     0x4bee ./intcontroller.o
 .debug_macinfo
                0x00041e21     0x4be6 ./keyboard.o
 .debug_macinfo
                0x00046a07     0x4e86 ./lcd.o
 .debug_macinfo
                0x0004b88d     0x4e38 ./leds.o
 .debug_macinfo
                0x000506c5     0x7b49 ./main.o
 .debug_macinfo
                0x0005820e     0x4e28 ./rtc.o
 .debug_macinfo
                0x0005d036     0x4bcd ./timer.o
 .debug_macinfo
                0x00061c03     0x4f9c ./ts.o
 .debug_macinfo
                0x00066b9f     0x4e09 ./uart.o
 .debug_macinfo
                0x0006b9a8     0x4eb9 ./uda1341ts.o
 .debug_macinfo
                0x00070861     0x4bcd ./utils.o

.debug_loc      0x00000000     0x1894
 .debug_loc     0x00000000       0x2c ./tests/test_EEPROM.o
 .debug_loc     0x0000002c       0x2c ./tests/test_WAV.o
 .debug_loc     0x00000058       0xb0 ./tests/test_sound_effects.o
 .debug_loc     0x00000108       0xb0 ./D8Led.o
 .debug_loc     0x000001b8       0x58 ./L3.o
 .debug_loc     0x00000210      0x160 ./adc.o
 .debug_loc     0x00000370       0xdc ./at24c04.o
 .debug_loc     0x0000044c       0x2c ./button.o
 .debug_loc     0x00000478       0xb0 ./dma.o
 .debug_loc     0x00000528      0x134 ./gpio.o
 .debug_loc     0x0000065c       0xdc ./iic.o
 .debug_loc     0x00000738      0x1b8 ./iis.o
 .debug_loc     0x000008f0      0x134 ./intcontroller.o
 .debug_loc     0x00000a24       0x2c ./keyboard.o
 .debug_loc     0x00000a50      0x268 ./lcd.o
 .debug_loc     0x00000cb8      0x1e4 ./leds.o
 .debug_loc     0x00000e9c      0x1e4 ./main.o
 .debug_loc     0x00001080      0x18c ./rtc.o
 .debug_loc     0x0000120c      0x160 ./timer.o
 .debug_loc     0x0000136c      0x210 ./ts.o
 .debug_loc     0x0000157c      0x1b8 ./uart.o
 .debug_loc     0x00001734      0x134 ./uda1341ts.o
 .debug_loc     0x00001868       0x2c ./utils.o

.debug_pubnames
                0x00000000      0xa86
 .debug_pubnames
                0x00000000       0x22 ./tests/test_EEPROM.o
 .debug_pubnames
                0x00000022       0x1f ./tests/test_WAV.o
 .debug_pubnames
                0x00000041       0xa0 ./tests/test_sound_effects.o
 .debug_pubnames
                0x000000e1       0x51 ./D8Led.o
 .debug_pubnames
                0x00000132       0x2d ./L3.o
 .debug_pubnames
                0x0000015f       0x84 ./adc.o
 .debug_pubnames
                0x000001e3       0x72 ./at24c04.o
 .debug_pubnames
                0x00000255       0x22 ./button.o
 .debug_pubnames
                0x00000277       0x54 ./dma.o
 .debug_pubnames
                0x000002cb       0x1b ./font8x16.o
 .debug_pubnames
                0x000002e6       0x86 ./gpio.o
 .debug_pubnames
                0x0000036c       0x5a ./iic.o
 .debug_pubnames
                0x000003c6       0x9e ./iis.o
 .debug_pubnames
                0x00000464       0x7d ./intcontroller.o
 .debug_pubnames
                0x000004e1       0x1e ./keyboard.o
 .debug_pubnames
                0x000004ff       0xf2 ./lcd.o
 .debug_pubnames
                0x000005f1       0xb3 ./leds.o
 .debug_pubnames
                0x000006a4       0xa4 ./main.o
 .debug_pubnames
                0x00000748       0xa7 ./rtc.o
 .debug_pubnames
                0x000007ef       0x9b ./timer.o
 .debug_pubnames
                0x0000088a       0x88 ./ts.o
 .debug_pubnames
                0x00000912       0xbe ./uart.o
 .debug_pubnames
                0x000009d0       0x9a ./uda1341ts.o
 .debug_pubnames
                0x00000a6a       0x1c ./utils.o

.debug_pubtypes
                0x00000000      0x5bf
 .debug_pubtypes
                0x00000000       0x32 ./tests/test_EEPROM.o
 .debug_pubtypes
                0x00000032       0x41 ./tests/test_WAV.o
 .debug_pubtypes
                0x00000073       0x64 ./tests/test_sound_effects.o
 .debug_pubtypes
                0x000000d7       0x12 ./D8Led.o
 .debug_pubtypes
                0x000000e9       0x41 ./L3.o
 .debug_pubtypes
                0x0000012a       0x51 ./adc.o
 .debug_pubtypes
                0x0000017b       0x44 ./at24c04.o
 .debug_pubtypes
                0x000001bf       0x1e ./button.o
 .debug_pubtypes
                0x000001dd       0x2c ./dma.o
 .debug_pubtypes
                0x00000209       0x1c ./font8x16.o
 .debug_pubtypes
                0x00000225       0x43 ./gpio.o
 .debug_pubtypes
                0x00000268       0x44 ./iic.o
 .debug_pubtypes
                0x000002ac       0x4d ./iis.o
 .debug_pubtypes
                0x000002f9       0x43 ./intcontroller.o
 .debug_pubtypes
                0x0000033c       0x12 ./keyboard.o
 .debug_pubtypes
                0x0000034e       0x32 ./lcd.o
 .debug_pubtypes
                0x00000380       0x35 ./leds.o
 .debug_pubtypes
                0x000003b5       0xa8 ./main.o
 .debug_pubtypes
                0x0000045d       0x45 ./rtc.o
 .debug_pubtypes
                0x000004a2       0x39 ./timer.o
 .debug_pubtypes
                0x000004db       0x54 ./ts.o
 .debug_pubtypes
                0x0000052f       0x40 ./uart.o
 .debug_pubtypes
                0x0000056f       0x3e ./uda1341ts.o
 .debug_pubtypes
                0x000005ad       0x12 ./utils.o

.debug_aranges  0x00000000      0x300
 .debug_aranges
                0x00000000       0x20 ./tests/test_EEPROM.o
 .debug_aranges
                0x00000020       0x20 ./tests/test_WAV.o
 .debug_aranges
                0x00000040       0x20 ./tests/test_sound_effects.o
 .debug_aranges
                0x00000060       0x20 ./D8Led.o
 .debug_aranges
                0x00000080       0x20 ./L3.o
 .debug_aranges
                0x000000a0       0x20 ./adc.o
 .debug_aranges
                0x000000c0       0x20 ./at24c04.o
 .debug_aranges
                0x000000e0       0x20 ./button.o
 .debug_aranges
                0x00000100       0x20 ./dma.o
 .debug_aranges
                0x00000120       0x20 ./gpio.o
 .debug_aranges
                0x00000140       0x20 ./iic.o
 .debug_aranges
                0x00000160       0x20 ./iis.o
 .debug_aranges
                0x00000180       0x20 ./init.o
 .debug_aranges
                0x000001a0       0x20 ./intcontroller.o
 .debug_aranges
                0x000001c0       0x20 ./keyboard.o
 .debug_aranges
                0x000001e0       0x20 ./lcd.o
 .debug_aranges
                0x00000200       0x20 ./leds.o
 .debug_aranges
                0x00000220       0x20 ./main.o
 .debug_aranges
                0x00000240       0x20 ./rtc.o
 .debug_aranges
                0x00000260       0x20 ./timer.o
 .debug_aranges
                0x00000280       0x20 ./ts.o
 .debug_aranges
                0x000002a0       0x20 ./uart.o
 .debug_aranges
                0x000002c0       0x20 ./uda1341ts.o
 .debug_aranges
                0x000002e0       0x20 ./utils.o

.debug_str      0x00000000      0xce5
 .debug_str     0x00000000       0xc9 ./tests/test_EEPROM.o
                                 0xe9 (size before relaxing)
 .debug_str     0x000000c9       0x44 ./tests/test_WAV.o
                                 0xeb (size before relaxing)
 .debug_str     0x0000010d       0xbb ./tests/test_sound_effects.o
                                0x18b (size before relaxing)
 .debug_str     0x000001c8       0x50 ./D8Led.o
                                 0x8a (size before relaxing)
 .debug_str     0x00000218       0x71 ./L3.o
                                0x117 (size before relaxing)
 .debug_str     0x00000289      0x1d5 ./adc.o
                                0x27f (size before relaxing)
 .debug_str     0x0000045e       0xa0 ./at24c04.o
                                0x15a (size before relaxing)
 .debug_str     0x000004fe       0x28 ./button.o
                                 0xc3 (size before relaxing)
 .debug_str     0x00000526       0x44 ./dma.o
                                0x1f1 (size before relaxing)
 .debug_str     0x0000056a       0x13 ./font8x16.o
                                 0xaf (size before relaxing)
 .debug_str     0x0000057d       0x98 ./gpio.o
                                0x106 (size before relaxing)
 .debug_str     0x00000615       0x3d ./iic.o
                                0x121 (size before relaxing)
 .debug_str     0x00000652       0xa1 ./iis.o
                                0x296 (size before relaxing)
 .debug_str     0x000006f3       0x68 ./intcontroller.o
                                0x1ef (size before relaxing)
 .debug_str     0x0000075b       0x2f ./keyboard.o
                                 0x82 (size before relaxing)
 .debug_str     0x0000078a      0x105 ./lcd.o
                                0x1cf (size before relaxing)
 .debug_str     0x0000088f       0x8b ./leds.o
                                0x167 (size before relaxing)
 .debug_str     0x0000091a       0xdb ./main.o
                                0x377 (size before relaxing)
 .debug_str     0x000009f5       0x85 ./rtc.o
                                0x269 (size before relaxing)
 .debug_str     0x00000a7a       0x89 ./timer.o
                                0x143 (size before relaxing)
 .debug_str     0x00000b03       0x78 ./ts.o
                                0x2d0 (size before relaxing)
 .debug_str     0x00000b7b       0x97 ./uart.o
                                0x16d (size before relaxing)
 .debug_str     0x00000c12       0xac ./uda1341ts.o
                                0x172 (size before relaxing)
 .debug_str     0x00000cbe       0x27 ./utils.o
                                 0x59 (size before relaxing)

.comment        0x00000000       0x2a
 .comment       0x00000000       0x2a ./tests/test_EEPROM.o
                                 0x2b (size before relaxing)
 .comment       0x00000000       0x2b ./tests/test_WAV.o
 .comment       0x00000000       0x2b ./tests/test_sound_effects.o
 .comment       0x00000000       0x2b ./D8Led.o
 .comment       0x00000000       0x2b ./L3.o
 .comment       0x00000000       0x2b ./adc.o
 .comment       0x00000000       0x2b ./at24c04.o
 .comment       0x00000000       0x2b ./button.o
 .comment       0x00000000       0x2b ./dma.o
 .comment       0x00000000       0x2b ./font8x16.o
 .comment       0x00000000       0x2b ./gpio.o
 .comment       0x00000000       0x2b ./iic.o
 .comment       0x00000000       0x2b ./iis.o
 .comment       0x00000000       0x2b ./intcontroller.o
 .comment       0x00000000       0x2b ./keyboard.o
 .comment       0x00000000       0x2b ./lcd.o
 .comment       0x00000000       0x2b ./leds.o
 .comment       0x00000000       0x2b ./main.o
 .comment       0x00000000       0x2b ./rtc.o
 .comment       0x00000000       0x2b ./timer.o
 .comment       0x00000000       0x2b ./ts.o
 .comment       0x00000000       0x2b ./uart.o
 .comment       0x00000000       0x2b ./uda1341ts.o
 .comment       0x00000000       0x2b ./utils.o

.ARM.attributes
                0x00000000       0x30
 .ARM.attributes
                0x00000000       0x32 ./tests/test_EEPROM.o
 .ARM.attributes
                0x00000032       0x32 ./tests/test_WAV.o
 .ARM.attributes
                0x00000064       0x32 ./tests/test_sound_effects.o
 .ARM.attributes
                0x00000096       0x32 ./D8Led.o
 .ARM.attributes
                0x000000c8       0x32 ./L3.o
 .ARM.attributes
                0x000000fa       0x32 ./adc.o
 .ARM.attributes
                0x0000012c       0x32 ./at24c04.o
 .ARM.attributes
                0x0000015e       0x32 ./button.o
 .ARM.attributes
                0x00000190       0x32 ./dma.o
 .ARM.attributes
                0x000001c2       0x32 ./font8x16.o
 .ARM.attributes
                0x000001f4       0x32 ./gpio.o
 .ARM.attributes
                0x00000226       0x32 ./iic.o
 .ARM.attributes
                0x00000258       0x32 ./iis.o
 .ARM.attributes
                0x0000028a       0x22 ./init.o
 .ARM.attributes
                0x000002ac       0x32 ./intcontroller.o
 .ARM.attributes
                0x000002de       0x32 ./keyboard.o
 .ARM.attributes
                0x00000310       0x32 ./lcd.o
 .ARM.attributes
                0x00000342       0x32 ./leds.o
 .ARM.attributes
                0x00000374       0x32 ./main.o
 .ARM.attributes
                0x000003a6       0x32 ./rtc.o
 .ARM.attributes
                0x000003d8       0x32 ./timer.o
 .ARM.attributes
                0x0000040a       0x32 ./ts.o
 .ARM.attributes
                0x0000043c       0x32 ./uart.o
 .ARM.attributes
                0x0000046e       0x32 ./uda1341ts.o
 .ARM.attributes
                0x000004a0       0x32 ./utils.o
 .ARM.attributes
                0x000004d2       0x1a c:/eclipsearm/sourcery-g++-lite-arm-2011.03/bin/../lib/gcc/arm-none-eabi/4.5.2\libgcc.a(_divsi3.o)
 .ARM.attributes
                0x000004ec       0x18 c:/eclipsearm/sourcery-g++-lite-arm-2011.03/bin/../lib/gcc/arm-none-eabi/4.5.2\libgcc.a(_dvmd_tls.o)

.debug_frame    0x00000000     0x13f8
 .debug_frame   0x00000000       0x30 ./tests/test_EEPROM.o
 .debug_frame   0x00000030       0x30 ./tests/test_WAV.o
 .debug_frame   0x00000060       0x90 ./tests/test_sound_effects.o
 .debug_frame   0x000000f0       0x90 ./D8Led.o
 .debug_frame   0x00000180       0x50 ./L3.o
 .debug_frame   0x000001d0      0x11c ./adc.o
 .debug_frame   0x000002ec       0xb0 ./at24c04.o
 .debug_frame   0x0000039c       0x30 ./button.o
 .debug_frame   0x000003cc       0x9c ./dma.o
 .debug_frame   0x00000468       0xf0 ./gpio.o
 .debug_frame   0x00000558       0xb0 ./iic.o
 .debug_frame   0x00000608      0x15c ./iis.o
 .debug_frame   0x00000764       0xf0 ./intcontroller.o
 .debug_frame   0x00000854       0x34 ./keyboard.o
 .debug_frame   0x00000888      0x1d0 ./lcd.o
 .debug_frame   0x00000a58      0x170 ./leds.o
 .debug_frame   0x00000bc8      0x1ac ./main.o
 .debug_frame   0x00000d74      0x148 ./rtc.o
 .debug_frame   0x00000ebc      0x110 ./timer.o
 .debug_frame   0x00000fcc      0x19c ./ts.o
 .debug_frame   0x00001168      0x150 ./uart.o
 .debug_frame   0x000012b8       0xf0 ./uda1341ts.o
 .debug_frame   0x000013a8       0x30 ./utils.o
 .debug_frame   0x000013d8       0x20 c:/eclipsearm/sourcery-g++-lite-arm-2011.03/bin/../lib/gcc/arm-none-eabi/4.5.2\libgcc.a(_divsi3.o)
