Archive member included because of file (symbol)

c:/eclipsearm/sourcery-g++-lite-arm-2011.03/bin/../lib/gcc/arm-none-eabi/4.5.2\libgcc.a(_divsi3.o)
                              ./utils.o (__aeabi_idiv)
c:/eclipsearm/sourcery-g++-lite-arm-2011.03/bin/../lib/gcc/arm-none-eabi/4.5.2\libgcc.a(_dvmd_tls.o)
                              c:/eclipsearm/sourcery-g++-lite-arm-2011.03/bin/../lib/gcc/arm-none-eabi/4.5.2\libgcc.a(_divsi3.o) (__aeabi_idiv0)

Memory Configuration

Name             Origin             Length             Attributes
*default*        0x00000000         0xffffffff

Linker script and memory map

LOAD ./D8Led.o
LOAD ./button.o
LOAD ./gpio.o
LOAD ./init.o
LOAD ./intcontroller.o
LOAD ./keyboard.o
LOAD ./leds.o
LOAD ./main.o
LOAD ./timer.o
LOAD ./utils.o
START GROUP
LOAD c:/eclipsearm/sourcery-g++-lite-arm-2011.03/bin/../lib/gcc/arm-none-eabi/4.5.2\libgcc.a
LOAD c:/eclipsearm/sourcery-g++-lite-arm-2011.03/bin/../lib/gcc/arm-none-eabi/4.5.2/../../../../arm-none-eabi/lib\libc.a
END GROUP
                0x0c100000                . = 0xc100000

.data           0x0c100000       0xb8
 *(.data*)
 .data          0x0c100000       0x60 ./D8Led.o
 .data          0x0c100060        0x0 ./button.o
 .data          0x0c100060        0x0 ./gpio.o
 .data          0x0c100060        0x0 ./init.o
 .data          0x0c100060        0x0 ./intcontroller.o
 .data          0x0c100060        0x4 ./keyboard.o
 .data          0x0c100064        0x0 ./leds.o
 .data          0x0c100064        0x0 ./main.o
 .data          0x0c100064        0x0 ./timer.o
 .data          0x0c100064        0x4 ./utils.o
 .data          0x0c100068        0x0 c:/eclipsearm/sourcery-g++-lite-arm-2011.03/bin/../lib/gcc/arm-none-eabi/4.5.2\libgcc.a(_divsi3.o)
 .data          0x0c100068        0x0 c:/eclipsearm/sourcery-g++-lite-arm-2011.03/bin/../lib/gcc/arm-none-eabi/4.5.2\libgcc.a(_dvmd_tls.o)
 *(.rodata*)
 .rodata        0x0c100068       0x50 ./keyboard.o
                0x0c1000b8                Image_ZI_Base = .

.bss            0x0c1000b8        0x8
 *(.bss*)
 .bss           0x0c1000b8        0x0 ./D8Led.o
 .bss           0x0c1000b8        0x0 ./button.o
 .bss           0x0c1000b8        0x0 ./gpio.o
 .bss           0x0c1000b8        0x0 ./init.o
 .bss           0x0c1000b8        0x0 ./intcontroller.o
 .bss           0x0c1000b8        0x0 ./keyboard.o
 .bss           0x0c1000b8        0x4 ./leds.o
 .bss           0x0c1000bc        0x4 ./main.o
 .bss           0x0c1000c0        0x0 ./timer.o
 .bss           0x0c1000c0        0x0 ./utils.o
 .bss           0x0c1000c0        0x0 c:/eclipsearm/sourcery-g++-lite-arm-2011.03/bin/../lib/gcc/arm-none-eabi/4.5.2\libgcc.a(_divsi3.o)
 .bss           0x0c1000c0        0x0 c:/eclipsearm/sourcery-g++-lite-arm-2011.03/bin/../lib/gcc/arm-none-eabi/4.5.2\libgcc.a(_dvmd_tls.o)
 *(COMMON)
                0x0c1000c0                Image_ZI_Limit = .

.text           0x0c1000c0     0x1f04
 *(.text*)
 .text          0x0c1000c0       0xdc ./D8Led.o
                0x0c1000c0                D8Led_init
                0x0c1000e4                D8Led_segment
                0x0c100140                D8Led_digit
 .text          0x0c10019c       0x7c ./button.o
                0x0c10019c                read_button
 .text          0x0c100218      0x898 ./gpio.o
                0x0c100218                portB_conf
                0x0c1002e0                portB_write
                0x0c10039c                portG_conf
                0x0c100554                portG_eint_trig
                0x0c100824                portG_write
                0x0c100924                portG_read
                0x0c1009e8                portG_conf_pup
 .text          0x0c100ab0      0x100 ./init.o
                0x0c100ab0                start
 .text          0x0c100bb0      0x3b8 ./intcontroller.o
                0x0c100bb0                ic_init
                0x0c100bf4                ic_conf_irq
                0x0c100cb0                ic_conf_fiq
                0x0c100d34                ic_conf_line
                0x0c100df4                ic_enable
                0x0c100e5c                ic_disable
                0x0c100ec0                ic_cleanflag
 .text          0x0c100f68      0x1a4 ./keyboard.o
                0x0c100f68                kb_scan
 .text          0x0c10110c      0x298 ./leds.o
                0x0c10110c                leds_init
                0x0c101150                led1_on
                0x0c101190                led1_off
                0x0c1011d0                led2_on
                0x0c101210                led2_off
                0x0c101250                led1_switch
                0x0c101290                led2_switch
                0x0c1012d0                leds_switch
                0x0c101310                leds_display
 .text          0x0c1013a4      0x2e8 ./main.o
                0x0c1013a4                timer_ISR
                0x0c1013d4                button_ISR
                0x0c101474                keyboard_ISR
                0x0c1014f0                setup
                0x0c101654                loop
                0x0c101674                main
 .text          0x0c10168c      0x6b4 ./timer.o
                0x0c10168c                tmr_set_prescaler
                0x0c101768                tmr_set_divider
                0x0c1018a4                tmr_set_count
                0x0c1019d8                tmr_update
                0x0c101a90                tmr_set_mode
                0x0c101b9c                tmr_start
                0x0c101c24                tmr_stop
                0x0c101cb0                tmr_isrunning
 .text          0x0c101d40      0x138 ./utils.o
                0x0c101d40                Delay
 .text          0x0c101e78      0x148 c:/eclipsearm/sourcery-g++-lite-arm-2011.03/bin/../lib/gcc/arm-none-eabi/4.5.2\libgcc.a(_divsi3.o)
                0x0c101e78                __divsi3
                0x0c101e78                __aeabi_idiv
                0x0c101fa0                __aeabi_idivmod
 .text          0x0c101fc0        0x4 c:/eclipsearm/sourcery-g++-lite-arm-2011.03/bin/../lib/gcc/arm-none-eabi/4.5.2\libgcc.a(_dvmd_tls.o)
                0x0c101fc0                __aeabi_idiv0
                0x0c101fc0                __aeabi_ldiv0
                0x0c101fc4                PROVIDE (end, .)
START GROUP
LOAD c:/eclipsearm/sourcery-g++-lite-arm-2011.03/bin/../lib/gcc/arm-none-eabi/4.5.2\libgcc.a
LOAD c:/eclipsearm/sourcery-g++-lite-arm-2011.03/bin/../lib/gcc/arm-none-eabi/4.5.2/../../../../arm-none-eabi/lib\libg.a
LOAD c:/eclipsearm/sourcery-g++-lite-arm-2011.03/bin/../lib/gcc/arm-none-eabi/4.5.2/../../../../arm-none-eabi/lib\libc.a
LOAD c:/eclipsearm/sourcery-g++-lite-arm-2011.03/bin/../lib/gcc/arm-none-eabi/4.5.2/../../../../arm-none-eabi/lib\libm.a
LOAD c:/eclipsearm/sourcery-g++-lite-arm-2011.03/bin/../lib/gcc/arm-none-eabi/4.5.2/../../../../arm-none-eabi/lib\libnosys.a
END GROUP
OUTPUT(prac2a.elf elf32-littlearm)

.glue_7         0x0c101fc4        0x0
 .glue_7        0x00000000        0x0 linker stubs

.glue_7t        0x0c101fc4        0x0
 .glue_7t       0x00000000        0x0 linker stubs

.vfp11_veneer   0x0c101fc4        0x0
 .vfp11_veneer  0x00000000        0x0 linker stubs

.v4_bx          0x0c101fc4        0x0
 .v4_bx         0x00000000        0x0 linker stubs

.debug_abbrev   0x00000000      0x587
 .debug_abbrev  0x00000000       0x88 ./D8Led.o
 .debug_abbrev  0x00000088       0x79 ./button.o
 .debug_abbrev  0x00000101       0xb7 ./gpio.o
 .debug_abbrev  0x000001b8       0x14 ./init.o
 .debug_abbrev  0x000001cc       0xdd ./intcontroller.o
 .debug_abbrev  0x000002a9       0x85 ./keyboard.o
 .debug_abbrev  0x0000032e       0x92 ./leds.o
 .debug_abbrev  0x000003c0       0xbd ./main.o
 .debug_abbrev  0x0000047d       0xa5 ./timer.o
 .debug_abbrev  0x00000522       0x65 ./utils.o

.debug_info     0x00000000      0xfda
 .debug_info    0x00000000       0xdf ./D8Led.o
 .debug_info    0x000000df       0x84 ./button.o
 .debug_info    0x00000163      0x291 ./gpio.o
 .debug_info    0x000003f4       0x54 ./init.o
 .debug_info    0x00000448      0x29e ./intcontroller.o
 .debug_info    0x000006e6       0xeb ./keyboard.o
 .debug_info    0x000007d1      0x151 ./leds.o
 .debug_info    0x00000922      0x310 ./main.o
 .debug_info    0x00000c32      0x324 ./timer.o
 .debug_info    0x00000f56       0x84 ./utils.o

.debug_line     0x00000000      0x8fd
 .debug_line    0x00000000       0x6d ./D8Led.o
 .debug_line    0x0000006d       0x89 ./button.o
 .debug_line    0x000000f6      0x10b ./gpio.o
 .debug_line    0x00000201       0x6c ./init.o
 .debug_line    0x0000026d       0xad ./intcontroller.o
 .debug_line    0x0000031a       0x7d ./keyboard.o
 .debug_line    0x00000397       0x88 ./leds.o
 .debug_line    0x0000041f      0x388 ./main.o
 .debug_line    0x000007a7       0xeb ./timer.o
 .debug_line    0x00000892       0x6b ./utils.o

.debug_macinfo  0x00000000    0x2daa2
 .debug_macinfo
                0x00000000     0x50a4 ./D8Led.o
 .debug_macinfo
                0x000050a4     0x4c12 ./button.o
 .debug_macinfo
                0x00009cb6     0x4bcb ./gpio.o
 .debug_macinfo
                0x0000e881     0x4bed ./intcontroller.o
 .debug_macinfo
                0x0001346e     0x4be5 ./keyboard.o
 .debug_macinfo
                0x00018053     0x4c0e ./leds.o
 .debug_macinfo
                0x0001cc61     0x76a9 ./main.o
 .debug_macinfo
                0x0002430a     0x4bcc ./timer.o
 .debug_macinfo
                0x00028ed6     0x4bcc ./utils.o

.debug_loc      0x00000000      0x764
 .debug_loc     0x00000000       0x84 ./D8Led.o
 .debug_loc     0x00000084       0x2c ./button.o
 .debug_loc     0x000000b0      0x134 ./gpio.o
 .debug_loc     0x000001e4      0x134 ./intcontroller.o
 .debug_loc     0x00000318       0x2c ./keyboard.o
 .debug_loc     0x00000344      0x18c ./leds.o
 .debug_loc     0x000004d0      0x108 ./main.o
 .debug_loc     0x000005d8      0x160 ./timer.o
 .debug_loc     0x00000738       0x2c ./utils.o

.debug_pubnames
                0x00000000      0x32c
 .debug_pubnames
                0x00000000       0x43 ./D8Led.o
 .debug_pubnames
                0x00000043       0x22 ./button.o
 .debug_pubnames
                0x00000065       0x86 ./gpio.o
 .debug_pubnames
                0x000000eb       0x7d ./intcontroller.o
 .debug_pubnames
                0x00000168       0x1e ./keyboard.o
 .debug_pubnames
                0x00000186       0x93 ./leds.o
 .debug_pubnames
                0x00000219       0x5c ./main.o
 .debug_pubnames
                0x00000275       0x9b ./timer.o
 .debug_pubnames
                0x00000310       0x1c ./utils.o

.debug_pubtypes
                0x00000000      0x1c2
 .debug_pubtypes
                0x00000000       0x12 ./D8Led.o
 .debug_pubtypes
                0x00000012       0x1e ./button.o
 .debug_pubtypes
                0x00000030       0x43 ./gpio.o
 .debug_pubtypes
                0x00000073       0x43 ./intcontroller.o
 .debug_pubtypes
                0x000000b6       0x12 ./keyboard.o
 .debug_pubtypes
                0x000000c8       0x2b ./leds.o
 .debug_pubtypes
                0x000000f3       0x84 ./main.o
 .debug_pubtypes
                0x00000177       0x39 ./timer.o
 .debug_pubtypes
                0x000001b0       0x12 ./utils.o

.debug_aranges  0x00000000      0x140
 .debug_aranges
                0x00000000       0x20 ./D8Led.o
 .debug_aranges
                0x00000020       0x20 ./button.o
 .debug_aranges
                0x00000040       0x20 ./gpio.o
 .debug_aranges
                0x00000060       0x20 ./init.o
 .debug_aranges
                0x00000080       0x20 ./intcontroller.o
 .debug_aranges
                0x000000a0       0x20 ./keyboard.o
 .debug_aranges
                0x000000c0       0x20 ./leds.o
 .debug_aranges
                0x000000e0       0x20 ./main.o
 .debug_aranges
                0x00000100       0x20 ./timer.o
 .debug_aranges
                0x00000120       0x20 ./utils.o

.debug_str      0x00000000      0x520
 .debug_str     0x00000000       0x73 ./D8Led.o
                                 0x80 (size before relaxing)
 .debug_str     0x00000073       0x28 ./button.o
                                 0x67 (size before relaxing)
 .debug_str     0x0000009b       0xbb ./gpio.o
                                0x106 (size before relaxing)
 .debug_str     0x00000156      0x190 ./intcontroller.o
                                0x1ef (size before relaxing)
 .debug_str     0x000002e6       0x3d ./keyboard.o
                                 0x82 (size before relaxing)
 .debug_str     0x00000323       0x73 ./leds.o
                                 0xed (size before relaxing)
 .debug_str     0x00000396       0xd5 ./main.o
                                0x30e (size before relaxing)
 .debug_str     0x0000046b       0x89 ./timer.o
                                0x143 (size before relaxing)
 .debug_str     0x000004f4       0x2c ./utils.o
                                 0x59 (size before relaxing)

.comment        0x00000000       0x2a
 .comment       0x00000000       0x2a ./D8Led.o
                                 0x2b (size before relaxing)
 .comment       0x00000000       0x2b ./button.o
 .comment       0x00000000       0x2b ./gpio.o
 .comment       0x00000000       0x2b ./intcontroller.o
 .comment       0x00000000       0x2b ./keyboard.o
 .comment       0x00000000       0x2b ./leds.o
 .comment       0x00000000       0x2b ./main.o
 .comment       0x00000000       0x2b ./timer.o
 .comment       0x00000000       0x2b ./utils.o

.ARM.attributes
                0x00000000       0x30
 .ARM.attributes
                0x00000000       0x32 ./D8Led.o
 .ARM.attributes
                0x00000032       0x32 ./button.o
 .ARM.attributes
                0x00000064       0x32 ./gpio.o
 .ARM.attributes
                0x00000096       0x22 ./init.o
 .ARM.attributes
                0x000000b8       0x32 ./intcontroller.o
 .ARM.attributes
                0x000000ea       0x32 ./keyboard.o
 .ARM.attributes
                0x0000011c       0x32 ./leds.o
 .ARM.attributes
                0x0000014e       0x32 ./main.o
 .ARM.attributes
                0x00000180       0x32 ./timer.o
 .ARM.attributes
                0x000001b2       0x32 ./utils.o
 .ARM.attributes
                0x000001e4       0x1a c:/eclipsearm/sourcery-g++-lite-arm-2011.03/bin/../lib/gcc/arm-none-eabi/4.5.2\libgcc.a(_divsi3.o)
 .ARM.attributes
                0x000001fe       0x18 c:/eclipsearm/sourcery-g++-lite-arm-2011.03/bin/../lib/gcc/arm-none-eabi/4.5.2\libgcc.a(_dvmd_tls.o)

.debug_frame    0x00000000      0x638
 .debug_frame   0x00000000       0x70 ./D8Led.o
 .debug_frame   0x00000070       0x30 ./button.o
 .debug_frame   0x000000a0       0xf0 ./gpio.o
 .debug_frame   0x00000190       0xf0 ./intcontroller.o
 .debug_frame   0x00000280       0x34 ./keyboard.o
 .debug_frame   0x000002b4      0x130 ./leds.o
 .debug_frame   0x000003e4       0xf4 ./main.o
 .debug_frame   0x000004d8      0x110 ./timer.o
 .debug_frame   0x000005e8       0x30 ./utils.o
 .debug_frame   0x00000618       0x20 c:/eclipsearm/sourcery-g++-lite-arm-2011.03/bin/../lib/gcc/arm-none-eabi/4.5.2\libgcc.a(_divsi3.o)
