Archive member included because of file (symbol)

c:/eclipsearm/sourcery-g++-lite-arm-2011.03/bin/../lib/gcc/arm-none-eabi/4.5.2\libgcc.a(_divsi3.o)
                              ./utils.o (__aeabi_idiv)
c:/eclipsearm/sourcery-g++-lite-arm-2011.03/bin/../lib/gcc/arm-none-eabi/4.5.2\libgcc.a(_dvmd_tls.o)
                              c:/eclipsearm/sourcery-g++-lite-arm-2011.03/bin/../lib/gcc/arm-none-eabi/4.5.2\libgcc.a(_divsi3.o) (__aeabi_idiv0)

Memory Configuration

Name             Origin             Length             Attributes
*default*        0x00000000         0xffffffff

Linker script and memory map

LOAD ./D8Led.o
LOAD ./button.o
LOAD ./font8x16.o
LOAD ./gpio.o
LOAD ./init.o
LOAD ./intcontroller.o
LOAD ./keyboard.o
LOAD ./lcd.o
LOAD ./leds.o
LOAD ./main.o
LOAD ./rtc.o
LOAD ./timer.o
LOAD ./uart.o
LOAD ./utils.o
START GROUP
LOAD c:/eclipsearm/sourcery-g++-lite-arm-2011.03/bin/../lib/gcc/arm-none-eabi/4.5.2\libgcc.a
LOAD c:/eclipsearm/sourcery-g++-lite-arm-2011.03/bin/../lib/gcc/arm-none-eabi/4.5.2/../../../../arm-none-eabi/lib\libc.a
END GROUP
                0x0c100000                . = 0xc100000

.data           0x0c100000     0x1168
 *(.data*)
 .data          0x0c100000       0x60 ./D8Led.o
 .data          0x0c100060        0x0 ./button.o
 .data          0x0c100060        0x0 ./font8x16.o
 .data          0x0c100060        0x0 ./gpio.o
 .data          0x0c100060        0x0 ./init.o
 .data          0x0c100060        0x0 ./intcontroller.o
 .data          0x0c100060        0x4 ./keyboard.o
 .data          0x0c100064        0x0 ./lcd.o
 .data          0x0c100064        0x0 ./leds.o
 .data          0x0c100064        0x0 ./main.o
 .data          0x0c100064        0x0 ./rtc.o
 .data          0x0c100064        0x0 ./timer.o
 .data          0x0c100064        0x0 ./uart.o
 .data          0x0c100064        0x4 ./utils.o
 .data          0x0c100068        0x0 c:/eclipsearm/sourcery-g++-lite-arm-2011.03/bin/../lib/gcc/arm-none-eabi/4.5.2\libgcc.a(_divsi3.o)
 .data          0x0c100068        0x0 c:/eclipsearm/sourcery-g++-lite-arm-2011.03/bin/../lib/gcc/arm-none-eabi/4.5.2\libgcc.a(_dvmd_tls.o)
 *(.rodata*)
 .rodata        0x0c100068     0x1000 ./font8x16.o
                0x0c100068                font
 .rodata        0x0c101068       0x50 ./keyboard.o
 .rodata        0x0c1010b8       0xb0 ./main.o
                0x0c101168                Image_ZI_Base = .

.bss            0x0c101168     0x961c
 *(.bss*)
 .bss           0x0c101168        0x0 ./D8Led.o
 .bss           0x0c101168        0x0 ./button.o
 .bss           0x0c101168        0x0 ./font8x16.o
 .bss           0x0c101168        0x0 ./gpio.o
 .bss           0x0c101168        0x0 ./init.o
 .bss           0x0c101168        0x0 ./intcontroller.o
 .bss           0x0c101168        0x0 ./keyboard.o
 .bss           0x0c101168     0x9604 ./lcd.o
 .bss           0x0c10a76c        0x4 ./leds.o
 .bss           0x0c10a770       0x14 ./main.o
 .bss           0x0c10a784        0x0 ./rtc.o
 .bss           0x0c10a784        0x0 ./timer.o
 .bss           0x0c10a784        0x0 ./uart.o
 .bss           0x0c10a784        0x0 ./utils.o
 .bss           0x0c10a784        0x0 c:/eclipsearm/sourcery-g++-lite-arm-2011.03/bin/../lib/gcc/arm-none-eabi/4.5.2\libgcc.a(_divsi3.o)
 .bss           0x0c10a784        0x0 c:/eclipsearm/sourcery-g++-lite-arm-2011.03/bin/../lib/gcc/arm-none-eabi/4.5.2\libgcc.a(_dvmd_tls.o)
 *(COMMON)
                0x0c10a784                Image_ZI_Limit = .

.text           0x0c10a784     0x409c
 *(.text*)
 .text          0x0c10a784       0xdc ./D8Led.o
                0x0c10a784                D8Led_init
                0x0c10a7a8                D8Led_segment
                0x0c10a804                D8Led_digit
 .text          0x0c10a860       0x7c ./button.o
                0x0c10a860                read_button
 .text          0x0c10a8dc        0x0 ./font8x16.o
 .text          0x0c10a8dc      0x898 ./gpio.o
                0x0c10a8dc                portB_conf
                0x0c10a9a4                portB_write
                0x0c10aa60                portG_conf
                0x0c10ac18                portG_eint_trig
                0x0c10aee8                portG_write
                0x0c10afe8                portG_read
                0x0c10b0ac                portG_conf_pup
 .text          0x0c10b174      0x100 ./init.o
                0x0c10b174                start
 .text          0x0c10b274      0x3b8 ./intcontroller.o
                0x0c10b274                ic_init
                0x0c10b2b8                ic_conf_irq
                0x0c10b374                ic_conf_fiq
                0x0c10b3f8                ic_conf_line
                0x0c10b4b8                ic_enable
                0x0c10b520                ic_disable
                0x0c10b584                ic_cleanflag
 .text          0x0c10b62c      0x1a4 ./keyboard.o
                0x0c10b62c                kb_scan
 .text          0x0c10b7d0      0xa28 ./lcd.o
                0x0c10b7d0                lcd_init
                0x0c10b954                lcd_on
                0x0c10b990                lcd_off
                0x0c10b9cc                lcd_status
                0x0c10b9f4                lcd_clear
                0x0c10ba50                lcd_clear_color
                0x0c10bad8                lcd_putpixel
                0x0c10bbc4                lcd_getpixel
                0x0c10bc74                lcd_draw_hline
                0x0c10bd24                lcd_draw_vline
                0x0c10bdd4                lcd_draw_box
                0x0c10bea8                lcd_putchar
                0x0c10bffc                lcd_puts
                0x0c10c09c                lcd_putWallpaper
 .text          0x0c10c1f8      0x298 ./leds.o
                0x0c10c1f8                leds_init
                0x0c10c23c                led1_on
                0x0c10c27c                led1_off
                0x0c10c2bc                led2_on
                0x0c10c2fc                led2_off
                0x0c10c33c                led1_switch
                0x0c10c37c                led2_switch
                0x0c10c3bc                leds_switch
                0x0c10c3fc                leds_display
 .text          0x0c10c490      0x670 ./main.o
                0x0c10c490                timer_ISR
                0x0c10c4c0                button_ISR
                0x0c10c560                keyboard_ISR
                0x0c10c5dc                setup
                0x0c10c734                read_date
                0x0c10c834                rtc_ISR
                0x0c10c878                rtc_alarm_ISR
                0x0c10c8ac                clock_setup
                0x0c10c9f8                startup
                0x0c10ca54                loop
                0x0c10cae4                main
 .text          0x0c10cb00      0xdf4 ./rtc.o
                0x0c10cb00                isr_TICK_dummy
                0x0c10cb28                isr_ALARM_dummy
                0x0c10cb50                rtc_init
                0x0c10cc24                rtc_puttime
                0x0c10cff8                rtc_gettime
                0x0c10d438                rtc_set_alarm
                0x0c10d7fc                rtc_clear_alarm
                0x0c10d840                rtc_open
                0x0c10d8b0                rtc_close
 .text          0x0c10d8f4      0x6b4 ./timer.o
                0x0c10d8f4                tmr_set_prescaler
                0x0c10d9d0                tmr_set_divider
                0x0c10db0c                tmr_set_count
                0x0c10dc40                tmr_update
                0x0c10dcf8                tmr_set_mode
                0x0c10de04                tmr_start
                0x0c10de8c                tmr_stop
                0x0c10df18                tmr_isrunning
 .text          0x0c10dfa8      0x5f4 ./uart.o
                0x0c10dfa8                uart0_init
                0x0c10e00c                uart0_putchar
                0x0c10e05c                uart0_getchar
                0x0c10e0a4                uart0_puts
                0x0c10e0f4                uart0_putint
                0x0c10e1f4                uart0_puthex
                0x0c10e2ac                uart0_gets
                0x0c10e318                uart0_getint
                0x0c10e3f0                uart0_gethex
                0x0c10e4f4                uart0_put_rtc_time
 .text          0x0c10e59c      0x138 ./utils.o
                0x0c10e59c                Delay
 .text          0x0c10e6d4      0x148 c:/eclipsearm/sourcery-g++-lite-arm-2011.03/bin/../lib/gcc/arm-none-eabi/4.5.2\libgcc.a(_divsi3.o)
                0x0c10e6d4                __divsi3
                0x0c10e6d4                __aeabi_idiv
                0x0c10e7fc                __aeabi_idivmod
 .text          0x0c10e81c        0x4 c:/eclipsearm/sourcery-g++-lite-arm-2011.03/bin/../lib/gcc/arm-none-eabi/4.5.2\libgcc.a(_dvmd_tls.o)
                0x0c10e81c                __aeabi_idiv0
                0x0c10e81c                __aeabi_ldiv0
                0x0c10e820                PROVIDE (end, .)
START GROUP
LOAD c:/eclipsearm/sourcery-g++-lite-arm-2011.03/bin/../lib/gcc/arm-none-eabi/4.5.2\libgcc.a
LOAD c:/eclipsearm/sourcery-g++-lite-arm-2011.03/bin/../lib/gcc/arm-none-eabi/4.5.2/../../../../arm-none-eabi/lib\libg.a
LOAD c:/eclipsearm/sourcery-g++-lite-arm-2011.03/bin/../lib/gcc/arm-none-eabi/4.5.2/../../../../arm-none-eabi/lib\libc.a
LOAD c:/eclipsearm/sourcery-g++-lite-arm-2011.03/bin/../lib/gcc/arm-none-eabi/4.5.2/../../../../arm-none-eabi/lib\libm.a
LOAD c:/eclipsearm/sourcery-g++-lite-arm-2011.03/bin/../lib/gcc/arm-none-eabi/4.5.2/../../../../arm-none-eabi/lib\libnosys.a
END GROUP
OUTPUT(prac2a.elf elf32-littlearm)

.glue_7         0x0c10e820        0x0
 .glue_7        0x00000000        0x0 linker stubs

.glue_7t        0x0c10e820        0x0
 .glue_7t       0x00000000        0x0 linker stubs

.vfp11_veneer   0x0c10e820        0x0
 .vfp11_veneer  0x00000000        0x0 linker stubs

.v4_bx          0x0c10e820        0x0
 .v4_bx         0x00000000        0x0 linker stubs

.debug_abbrev   0x00000000      0x9c0
 .debug_abbrev  0x00000000       0x88 ./D8Led.o
 .debug_abbrev  0x00000088       0x79 ./button.o
 .debug_abbrev  0x00000101       0x63 ./font8x16.o
 .debug_abbrev  0x00000164       0xb7 ./gpio.o
 .debug_abbrev  0x0000021b       0x14 ./init.o
 .debug_abbrev  0x0000022f       0xdd ./intcontroller.o
 .debug_abbrev  0x0000030c       0x85 ./keyboard.o
 .debug_abbrev  0x00000391      0x102 ./lcd.o
 .debug_abbrev  0x00000493       0x92 ./leds.o
 .debug_abbrev  0x00000525      0x192 ./main.o
 .debug_abbrev  0x000006b7       0xdf ./rtc.o
 .debug_abbrev  0x00000796       0xa5 ./timer.o
 .debug_abbrev  0x0000083b      0x120 ./uart.o
 .debug_abbrev  0x0000095b       0x65 ./utils.o

.debug_info     0x00000000     0x1cfd
 .debug_info    0x00000000       0xdf ./D8Led.o
 .debug_info    0x000000df       0x84 ./button.o
 .debug_info    0x00000163       0x95 ./font8x16.o
 .debug_info    0x000001f8      0x291 ./gpio.o
 .debug_info    0x00000489       0x54 ./init.o
 .debug_info    0x000004dd      0x29e ./intcontroller.o
 .debug_info    0x0000077b       0xeb ./keyboard.o
 .debug_info    0x00000866      0x50f ./lcd.o
 .debug_info    0x00000d75      0x151 ./leds.o
 .debug_info    0x00000ec6      0x47a ./main.o
 .debug_info    0x00001340      0x2de ./rtc.o
 .debug_info    0x0000161e      0x324 ./timer.o
 .debug_info    0x00001942      0x337 ./uart.o
 .debug_info    0x00001c79       0x84 ./utils.o

.debug_line     0x00000000      0xd62
 .debug_line    0x00000000       0x6d ./D8Led.o
 .debug_line    0x0000006d       0x89 ./button.o
 .debug_line    0x000000f6       0x43 ./font8x16.o
 .debug_line    0x00000139      0x10b ./gpio.o
 .debug_line    0x00000244       0x6c ./init.o
 .debug_line    0x000002b0       0xad ./intcontroller.o
 .debug_line    0x0000035d       0x7d ./keyboard.o
 .debug_line    0x000003da      0x18d ./lcd.o
 .debug_line    0x00000567       0x88 ./leds.o
 .debug_line    0x000005ef      0x402 ./main.o
 .debug_line    0x000009f1       0xfd ./rtc.o
 .debug_line    0x00000aee       0xeb ./timer.o
 .debug_line    0x00000bd9      0x11e ./uart.o
 .debug_line    0x00000cf7       0x6b ./utils.o

.debug_macinfo  0x00000000    0x3ec3d
 .debug_macinfo
                0x00000000     0x50a4 ./D8Led.o
 .debug_macinfo
                0x000050a4     0x4c12 ./button.o
 .debug_macinfo
                0x00009cb6     0x2325 ./font8x16.o
 .debug_macinfo
                0x0000bfdb     0x4bcb ./gpio.o
 .debug_macinfo
                0x00010ba6     0x4bed ./intcontroller.o
 .debug_macinfo
                0x00015793     0x4be5 ./keyboard.o
 .debug_macinfo
                0x0001a378     0x4e85 ./lcd.o
 .debug_macinfo
                0x0001f1fd     0x4c0e ./leds.o
 .debug_macinfo
                0x00023e0b     0x7a6b ./main.o
 .debug_macinfo
                0x0002b876     0x4e27 ./rtc.o
 .debug_macinfo
                0x0003069d     0x4bcc ./timer.o
 .debug_macinfo
                0x00035269     0x4e08 ./uart.o
 .debug_macinfo
                0x0003a071     0x4bcc ./utils.o

.debug_loc      0x00000000      0xdec
 .debug_loc     0x00000000       0x84 ./D8Led.o
 .debug_loc     0x00000084       0x2c ./button.o
 .debug_loc     0x000000b0      0x134 ./gpio.o
 .debug_loc     0x000001e4      0x134 ./intcontroller.o
 .debug_loc     0x00000318       0x2c ./keyboard.o
 .debug_loc     0x00000344      0x268 ./lcd.o
 .debug_loc     0x000005ac      0x18c ./leds.o
 .debug_loc     0x00000738      0x1e4 ./main.o
 .debug_loc     0x0000091c      0x18c ./rtc.o
 .debug_loc     0x00000aa8      0x160 ./timer.o
 .debug_loc     0x00000c08      0x1b8 ./uart.o
 .debug_loc     0x00000dc0       0x2c ./utils.o

.debug_pubnames
                0x00000000      0x5e6
 .debug_pubnames
                0x00000000       0x43 ./D8Led.o
 .debug_pubnames
                0x00000043       0x22 ./button.o
 .debug_pubnames
                0x00000065       0x1b ./font8x16.o
 .debug_pubnames
                0x00000080       0x86 ./gpio.o
 .debug_pubnames
                0x00000106       0x7d ./intcontroller.o
 .debug_pubnames
                0x00000183       0x1e ./keyboard.o
 .debug_pubnames
                0x000001a1       0xf2 ./lcd.o
 .debug_pubnames
                0x00000293       0x93 ./leds.o
 .debug_pubnames
                0x00000326       0xa4 ./main.o
 .debug_pubnames
                0x000003ca       0xa7 ./rtc.o
 .debug_pubnames
                0x00000471       0x9b ./timer.o
 .debug_pubnames
                0x0000050c       0xbe ./uart.o
 .debug_pubnames
                0x000005ca       0x1c ./utils.o

.debug_pubtypes
                0x00000000      0x2ae
 .debug_pubtypes
                0x00000000       0x12 ./D8Led.o
 .debug_pubtypes
                0x00000012       0x1e ./button.o
 .debug_pubtypes
                0x00000030       0x1c ./font8x16.o
 .debug_pubtypes
                0x0000004c       0x43 ./gpio.o
 .debug_pubtypes
                0x0000008f       0x43 ./intcontroller.o
 .debug_pubtypes
                0x000000d2       0x12 ./keyboard.o
 .debug_pubtypes
                0x000000e4       0x32 ./lcd.o
 .debug_pubtypes
                0x00000116       0x2b ./leds.o
 .debug_pubtypes
                0x00000141       0x9d ./main.o
 .debug_pubtypes
                0x000001de       0x45 ./rtc.o
 .debug_pubtypes
                0x00000223       0x39 ./timer.o
 .debug_pubtypes
                0x0000025c       0x40 ./uart.o
 .debug_pubtypes
                0x0000029c       0x12 ./utils.o

.debug_aranges  0x00000000      0x1a0
 .debug_aranges
                0x00000000       0x20 ./D8Led.o
 .debug_aranges
                0x00000020       0x20 ./button.o
 .debug_aranges
                0x00000040       0x20 ./gpio.o
 .debug_aranges
                0x00000060       0x20 ./init.o
 .debug_aranges
                0x00000080       0x20 ./intcontroller.o
 .debug_aranges
                0x000000a0       0x20 ./keyboard.o
 .debug_aranges
                0x000000c0       0x20 ./lcd.o
 .debug_aranges
                0x000000e0       0x20 ./leds.o
 .debug_aranges
                0x00000100       0x20 ./main.o
 .debug_aranges
                0x00000120       0x20 ./rtc.o
 .debug_aranges
                0x00000140       0x20 ./timer.o
 .debug_aranges
                0x00000160       0x20 ./uart.o
 .debug_aranges
                0x00000180       0x20 ./utils.o

.debug_str      0x00000000      0x7bb
 .debug_str     0x00000000       0x73 ./D8Led.o
                                 0x80 (size before relaxing)
 .debug_str     0x00000073       0x28 ./button.o
                                 0x67 (size before relaxing)
 .debug_str     0x0000009b       0x69 ./font8x16.o
                                 0xaf (size before relaxing)
 .debug_str     0x00000104       0xbb ./gpio.o
                                0x106 (size before relaxing)
 .debug_str     0x000001bf      0x190 ./intcontroller.o
                                0x1ef (size before relaxing)
 .debug_str     0x0000034f       0x2f ./keyboard.o
                                 0x82 (size before relaxing)
 .debug_str     0x0000037e      0x11e ./lcd.o
                                0x1cf (size before relaxing)
 .debug_str     0x0000049c       0x73 ./leds.o
                                 0xed (size before relaxing)
 .debug_str     0x0000050f       0xe0 ./main.o
                                0x370 (size before relaxing)
 .debug_str     0x000005ef       0x85 ./rtc.o
                                0x269 (size before relaxing)
 .debug_str     0x00000674       0x89 ./timer.o
                                0x143 (size before relaxing)
 .debug_str     0x000006fd       0x97 ./uart.o
                                0x16d (size before relaxing)
 .debug_str     0x00000794       0x27 ./utils.o
                                 0x59 (size before relaxing)

.comment        0x00000000       0x2a
 .comment       0x00000000       0x2a ./D8Led.o
                                 0x2b (size before relaxing)
 .comment       0x00000000       0x2b ./button.o
 .comment       0x00000000       0x2b ./font8x16.o
 .comment       0x00000000       0x2b ./gpio.o
 .comment       0x00000000       0x2b ./intcontroller.o
 .comment       0x00000000       0x2b ./keyboard.o
 .comment       0x00000000       0x2b ./lcd.o
 .comment       0x00000000       0x2b ./leds.o
 .comment       0x00000000       0x2b ./main.o
 .comment       0x00000000       0x2b ./rtc.o
 .comment       0x00000000       0x2b ./timer.o
 .comment       0x00000000       0x2b ./uart.o
 .comment       0x00000000       0x2b ./utils.o

.ARM.attributes
                0x00000000       0x30
 .ARM.attributes
                0x00000000       0x32 ./D8Led.o
 .ARM.attributes
                0x00000032       0x32 ./button.o
 .ARM.attributes
                0x00000064       0x32 ./font8x16.o
 .ARM.attributes
                0x00000096       0x32 ./gpio.o
 .ARM.attributes
                0x000000c8       0x22 ./init.o
 .ARM.attributes
                0x000000ea       0x32 ./intcontroller.o
 .ARM.attributes
                0x0000011c       0x32 ./keyboard.o
 .ARM.attributes
                0x0000014e       0x32 ./lcd.o
 .ARM.attributes
                0x00000180       0x32 ./leds.o
 .ARM.attributes
                0x000001b2       0x32 ./main.o
 .ARM.attributes
                0x000001e4       0x32 ./rtc.o
 .ARM.attributes
                0x00000216       0x32 ./timer.o
 .ARM.attributes
                0x00000248       0x32 ./uart.o
 .ARM.attributes
                0x0000027a       0x32 ./utils.o
 .ARM.attributes
                0x000002ac       0x1a c:/eclipsearm/sourcery-g++-lite-arm-2011.03/bin/../lib/gcc/arm-none-eabi/4.5.2\libgcc.a(_divsi3.o)
 .ARM.attributes
                0x000002c6       0x18 c:/eclipsearm/sourcery-g++-lite-arm-2011.03/bin/../lib/gcc/arm-none-eabi/4.5.2\libgcc.a(_dvmd_tls.o)

.debug_frame    0x00000000      0xb58
 .debug_frame   0x00000000       0x70 ./D8Led.o
 .debug_frame   0x00000070       0x30 ./button.o
 .debug_frame   0x000000a0       0xf0 ./gpio.o
 .debug_frame   0x00000190       0xf0 ./intcontroller.o
 .debug_frame   0x00000280       0x34 ./keyboard.o
 .debug_frame   0x000002b4      0x1d0 ./lcd.o
 .debug_frame   0x00000484      0x130 ./leds.o
 .debug_frame   0x000005b4      0x1ac ./main.o
 .debug_frame   0x00000760      0x148 ./rtc.o
 .debug_frame   0x000008a8      0x110 ./timer.o
 .debug_frame   0x000009b8      0x150 ./uart.o
 .debug_frame   0x00000b08       0x30 ./utils.o
 .debug_frame   0x00000b38       0x20 c:/eclipsearm/sourcery-g++-lite-arm-2011.03/bin/../lib/gcc/arm-none-eabi/4.5.2\libgcc.a(_divsi3.o)
