Archive member included because of file (symbol)

c:/eclipsearm/sourcery-g++-lite-arm-2011.03/bin/../lib/gcc/arm-none-eabi/4.5.2\libgcc.a(_divsi3.o)
                              ./utils.o (__aeabi_idiv)
c:/eclipsearm/sourcery-g++-lite-arm-2011.03/bin/../lib/gcc/arm-none-eabi/4.5.2\libgcc.a(_dvmd_tls.o)
                              c:/eclipsearm/sourcery-g++-lite-arm-2011.03/bin/../lib/gcc/arm-none-eabi/4.5.2\libgcc.a(_divsi3.o) (__aeabi_idiv0)

Memory Configuration

Name             Origin             Length             Attributes
*default*        0x00000000         0xffffffff

Linker script and memory map

LOAD ./D8Led.o
LOAD ./button.o
LOAD ./gpio.o
LOAD ./init.o
LOAD ./intcontroller.o
LOAD ./keyboard.o
LOAD ./leds.o
LOAD ./main.o
LOAD ./rtc.o
LOAD ./timer.o
LOAD ./uart.o
LOAD ./utils.o
START GROUP
LOAD c:/eclipsearm/sourcery-g++-lite-arm-2011.03/bin/../lib/gcc/arm-none-eabi/4.5.2\libgcc.a
LOAD c:/eclipsearm/sourcery-g++-lite-arm-2011.03/bin/../lib/gcc/arm-none-eabi/4.5.2/../../../../arm-none-eabi/lib\libc.a
END GROUP
                0x0c100000                . = 0xc100000

.data           0x0c100000      0x148
 *(.data*)
 .data          0x0c100000       0x60 ./D8Led.o
 .data          0x0c100060        0x0 ./button.o
 .data          0x0c100060        0x0 ./gpio.o
 .data          0x0c100060        0x0 ./init.o
 .data          0x0c100060        0x0 ./intcontroller.o
 .data          0x0c100060        0x4 ./keyboard.o
 .data          0x0c100064        0x0 ./leds.o
 .data          0x0c100064        0x0 ./main.o
 .data          0x0c100064        0x0 ./rtc.o
 .data          0x0c100064        0x0 ./timer.o
 .data          0x0c100064        0x0 ./uart.o
 .data          0x0c100064        0x4 ./utils.o
 .data          0x0c100068        0x0 c:/eclipsearm/sourcery-g++-lite-arm-2011.03/bin/../lib/gcc/arm-none-eabi/4.5.2\libgcc.a(_divsi3.o)
 .data          0x0c100068        0x0 c:/eclipsearm/sourcery-g++-lite-arm-2011.03/bin/../lib/gcc/arm-none-eabi/4.5.2\libgcc.a(_dvmd_tls.o)
 *(.rodata*)
 .rodata        0x0c100068       0x50 ./keyboard.o
 .rodata        0x0c1000b8       0x90 ./main.o
                0x0c100148                Image_ZI_Base = .

.bss            0x0c100148       0x18
 *(.bss*)
 .bss           0x0c100148        0x0 ./D8Led.o
 .bss           0x0c100148        0x0 ./button.o
 .bss           0x0c100148        0x0 ./gpio.o
 .bss           0x0c100148        0x0 ./init.o
 .bss           0x0c100148        0x0 ./intcontroller.o
 .bss           0x0c100148        0x0 ./keyboard.o
 .bss           0x0c100148        0x4 ./leds.o
 .bss           0x0c10014c       0x14 ./main.o
 .bss           0x0c100160        0x0 ./rtc.o
 .bss           0x0c100160        0x0 ./timer.o
 .bss           0x0c100160        0x0 ./uart.o
 .bss           0x0c100160        0x0 ./utils.o
 .bss           0x0c100160        0x0 c:/eclipsearm/sourcery-g++-lite-arm-2011.03/bin/../lib/gcc/arm-none-eabi/4.5.2\libgcc.a(_divsi3.o)
 .bss           0x0c100160        0x0 c:/eclipsearm/sourcery-g++-lite-arm-2011.03/bin/../lib/gcc/arm-none-eabi/4.5.2\libgcc.a(_dvmd_tls.o)
 *(COMMON)
                0x0c100160                Image_ZI_Limit = .

.text           0x0c100160     0x3620
 *(.text*)
 .text          0x0c100160       0xdc ./D8Led.o
                0x0c100160                D8Led_init
                0x0c100184                D8Led_segment
                0x0c1001e0                D8Led_digit
 .text          0x0c10023c       0x7c ./button.o
                0x0c10023c                read_button
 .text          0x0c1002b8      0x898 ./gpio.o
                0x0c1002b8                portB_conf
                0x0c100380                portB_write
                0x0c10043c                portG_conf
                0x0c1005f4                portG_eint_trig
                0x0c1008c4                portG_write
                0x0c1009c4                portG_read
                0x0c100a88                portG_conf_pup
 .text          0x0c100b50      0x100 ./init.o
                0x0c100b50                start
 .text          0x0c100c50      0x3b8 ./intcontroller.o
                0x0c100c50                ic_init
                0x0c100c94                ic_conf_irq
                0x0c100d50                ic_conf_fiq
                0x0c100dd4                ic_conf_line
                0x0c100e94                ic_enable
                0x0c100efc                ic_disable
                0x0c100f60                ic_cleanflag
 .text          0x0c101008      0x1a4 ./keyboard.o
                0x0c101008                kb_scan
 .text          0x0c1011ac      0x298 ./leds.o
                0x0c1011ac                leds_init
                0x0c1011f0                led1_on
                0x0c101230                led1_off
                0x0c101270                led2_on
                0x0c1012b0                led2_off
                0x0c1012f0                led1_switch
                0x0c101330                led2_switch
                0x0c101370                leds_switch
                0x0c1013b0                leds_display
 .text          0x0c101444      0x654 ./main.o
                0x0c101444                timer_ISR
                0x0c101474                button_ISR
                0x0c101514                keyboard_ISR
                0x0c101590                setup
                0x0c1016e4                print_date
                0x0c101798                read_date
                0x0c101898                rtc_ISR
                0x0c1018d4                rtc_alarm_ISR
                0x0c101908                clock_setup
                0x0c101a4c                loop
                0x0c101a6c                main
 .text          0x0c101a98      0xe64 ./rtc.o
                0x0c101a98                isr_TICK_dummy
                0x0c101ac0                isr_ALARM_dummy
                0x0c101ae8                rtc_init
                0x0c101c2c                rtc_puttime
                0x0c102000                rtc_gettime
                0x0c102440                rtc_set_alarm
                0x0c102804                rtc_clear_alarm
                0x0c102848                rtc_open
                0x0c1028b8                rtc_close
 .text          0x0c1028fc      0x6b4 ./timer.o
                0x0c1028fc                tmr_set_prescaler
                0x0c1029d8                tmr_set_divider
                0x0c102b14                tmr_set_count
                0x0c102c48                tmr_update
                0x0c102d00                tmr_set_mode
                0x0c102e0c                tmr_start
                0x0c102e94                tmr_stop
                0x0c102f20                tmr_isrunning
 .text          0x0c102fb0      0x54c ./uart.o
                0x0c102fb0                uart0_init
                0x0c103014                uart0_putchar
                0x0c103064                uart0_getchar
                0x0c1030ac                uart0_puts
                0x0c1030fc                uart0_putint
                0x0c1031fc                uart0_puthex
                0x0c1032b4                uart0_gets
                0x0c103320                uart0_getint
                0x0c1033f8                uart0_gethex
 .text          0x0c1034fc      0x138 ./utils.o
                0x0c1034fc                Delay
 .text          0x0c103634      0x148 c:/eclipsearm/sourcery-g++-lite-arm-2011.03/bin/../lib/gcc/arm-none-eabi/4.5.2\libgcc.a(_divsi3.o)
                0x0c103634                __divsi3
                0x0c103634                __aeabi_idiv
                0x0c10375c                __aeabi_idivmod
 .text          0x0c10377c        0x4 c:/eclipsearm/sourcery-g++-lite-arm-2011.03/bin/../lib/gcc/arm-none-eabi/4.5.2\libgcc.a(_dvmd_tls.o)
                0x0c10377c                __aeabi_idiv0
                0x0c10377c                __aeabi_ldiv0
                0x0c103780                PROVIDE (end, .)
START GROUP
LOAD c:/eclipsearm/sourcery-g++-lite-arm-2011.03/bin/../lib/gcc/arm-none-eabi/4.5.2\libgcc.a
LOAD c:/eclipsearm/sourcery-g++-lite-arm-2011.03/bin/../lib/gcc/arm-none-eabi/4.5.2/../../../../arm-none-eabi/lib\libg.a
LOAD c:/eclipsearm/sourcery-g++-lite-arm-2011.03/bin/../lib/gcc/arm-none-eabi/4.5.2/../../../../arm-none-eabi/lib\libc.a
LOAD c:/eclipsearm/sourcery-g++-lite-arm-2011.03/bin/../lib/gcc/arm-none-eabi/4.5.2/../../../../arm-none-eabi/lib\libm.a
LOAD c:/eclipsearm/sourcery-g++-lite-arm-2011.03/bin/../lib/gcc/arm-none-eabi/4.5.2/../../../../arm-none-eabi/lib\libnosys.a
END GROUP
OUTPUT(prac2a.elf elf32-littlearm)

.glue_7         0x0c103780        0x0
 .glue_7        0x00000000        0x0 linker stubs

.glue_7t        0x0c103780        0x0
 .glue_7t       0x00000000        0x0 linker stubs

.vfp11_veneer   0x0c103780        0x0
 .vfp11_veneer  0x00000000        0x0 linker stubs

.v4_bx          0x0c103780        0x0
 .v4_bx         0x00000000        0x0 linker stubs

.debug_abbrev   0x00000000      0x808
 .debug_abbrev  0x00000000       0x88 ./D8Led.o
 .debug_abbrev  0x00000088       0x79 ./button.o
 .debug_abbrev  0x00000101       0xb7 ./gpio.o
 .debug_abbrev  0x000001b8       0x14 ./init.o
 .debug_abbrev  0x000001cc       0xdd ./intcontroller.o
 .debug_abbrev  0x000002a9       0x85 ./keyboard.o
 .debug_abbrev  0x0000032e       0x92 ./leds.o
 .debug_abbrev  0x000003c0      0x14f ./main.o
 .debug_abbrev  0x0000050f       0xf2 ./rtc.o
 .debug_abbrev  0x00000601       0xa5 ./timer.o
 .debug_abbrev  0x000006a6       0xfd ./uart.o
 .debug_abbrev  0x000007a3       0x65 ./utils.o

.debug_info     0x00000000     0x1699
 .debug_info    0x00000000       0xdf ./D8Led.o
 .debug_info    0x000000df       0x84 ./button.o
 .debug_info    0x00000163      0x291 ./gpio.o
 .debug_info    0x000003f4       0x54 ./init.o
 .debug_info    0x00000448      0x29e ./intcontroller.o
 .debug_info    0x000006e6       0xeb ./keyboard.o
 .debug_info    0x000007d1      0x151 ./leds.o
 .debug_info    0x00000922      0x463 ./main.o
 .debug_info    0x00000d85      0x2dd ./rtc.o
 .debug_info    0x00001062      0x324 ./timer.o
 .debug_info    0x00001386      0x28f ./uart.o
 .debug_info    0x00001615       0x84 ./utils.o

.debug_line     0x00000000      0xb70
 .debug_line    0x00000000       0x6d ./D8Led.o
 .debug_line    0x0000006d       0x89 ./button.o
 .debug_line    0x000000f6      0x10b ./gpio.o
 .debug_line    0x00000201       0x6c ./init.o
 .debug_line    0x0000026d       0xad ./intcontroller.o
 .debug_line    0x0000031a       0x7d ./keyboard.o
 .debug_line    0x00000397       0x88 ./leds.o
 .debug_line    0x0000041f      0x3f3 ./main.o
 .debug_line    0x00000812      0x103 ./rtc.o
 .debug_line    0x00000915       0xeb ./timer.o
 .debug_line    0x00000a00      0x105 ./uart.o
 .debug_line    0x00000b05       0x6b ./utils.o

.debug_macinfo  0x00000000    0x3790c
 .debug_macinfo
                0x00000000     0x50a4 ./D8Led.o
 .debug_macinfo
                0x000050a4     0x4c12 ./button.o
 .debug_macinfo
                0x00009cb6     0x4bcb ./gpio.o
 .debug_macinfo
                0x0000e881     0x4bed ./intcontroller.o
 .debug_macinfo
                0x0001346e     0x4be5 ./keyboard.o
 .debug_macinfo
                0x00018053     0x4c0e ./leds.o
 .debug_macinfo
                0x0001cc61     0x78f5 ./main.o
 .debug_macinfo
                0x00024556     0x4e27 ./rtc.o
 .debug_macinfo
                0x0002937d     0x4bcc ./timer.o
 .debug_macinfo
                0x0002df49     0x4df7 ./uart.o
 .debug_macinfo
                0x00032d40     0x4bcc ./utils.o

.debug_loc      0x00000000      0xb58
 .debug_loc     0x00000000       0x84 ./D8Led.o
 .debug_loc     0x00000084       0x2c ./button.o
 .debug_loc     0x000000b0      0x134 ./gpio.o
 .debug_loc     0x000001e4      0x134 ./intcontroller.o
 .debug_loc     0x00000318       0x2c ./keyboard.o
 .debug_loc     0x00000344      0x18c ./leds.o
 .debug_loc     0x000004d0      0x1e4 ./main.o
 .debug_loc     0x000006b4      0x18c ./rtc.o
 .debug_loc     0x00000840      0x160 ./timer.o
 .debug_loc     0x000009a0      0x18c ./uart.o
 .debug_loc     0x00000b2c       0x2c ./utils.o

.debug_pubnames
                0x00000000      0x4c5
 .debug_pubnames
                0x00000000       0x43 ./D8Led.o
 .debug_pubnames
                0x00000043       0x22 ./button.o
 .debug_pubnames
                0x00000065       0x86 ./gpio.o
 .debug_pubnames
                0x000000eb       0x7d ./intcontroller.o
 .debug_pubnames
                0x00000168       0x1e ./keyboard.o
 .debug_pubnames
                0x00000186       0x93 ./leds.o
 .debug_pubnames
                0x00000219       0xa7 ./main.o
 .debug_pubnames
                0x000002c0       0xa7 ./rtc.o
 .debug_pubnames
                0x00000367       0x9b ./timer.o
 .debug_pubnames
                0x00000402       0xa7 ./uart.o
 .debug_pubnames
                0x000004a9       0x1c ./utils.o

.debug_pubtypes
                0x00000000      0x251
 .debug_pubtypes
                0x00000000       0x12 ./D8Led.o
 .debug_pubtypes
                0x00000012       0x1e ./button.o
 .debug_pubtypes
                0x00000030       0x43 ./gpio.o
 .debug_pubtypes
                0x00000073       0x43 ./intcontroller.o
 .debug_pubtypes
                0x000000b6       0x12 ./keyboard.o
 .debug_pubtypes
                0x000000c8       0x2b ./leds.o
 .debug_pubtypes
                0x000000f3       0x9d ./main.o
 .debug_pubtypes
                0x00000190       0x45 ./rtc.o
 .debug_pubtypes
                0x000001d5       0x39 ./timer.o
 .debug_pubtypes
                0x0000020e       0x31 ./uart.o
 .debug_pubtypes
                0x0000023f       0x12 ./utils.o

.debug_aranges  0x00000000      0x180
 .debug_aranges
                0x00000000       0x20 ./D8Led.o
 .debug_aranges
                0x00000020       0x20 ./button.o
 .debug_aranges
                0x00000040       0x20 ./gpio.o
 .debug_aranges
                0x00000060       0x20 ./init.o
 .debug_aranges
                0x00000080       0x20 ./intcontroller.o
 .debug_aranges
                0x000000a0       0x20 ./keyboard.o
 .debug_aranges
                0x000000c0       0x20 ./leds.o
 .debug_aranges
                0x000000e0       0x20 ./main.o
 .debug_aranges
                0x00000100       0x20 ./rtc.o
 .debug_aranges
                0x00000120       0x20 ./timer.o
 .debug_aranges
                0x00000140       0x20 ./uart.o
 .debug_aranges
                0x00000160       0x20 ./utils.o

.debug_str      0x00000000      0x68a
 .debug_str     0x00000000       0x73 ./D8Led.o
                                 0x80 (size before relaxing)
 .debug_str     0x00000073       0x28 ./button.o
                                 0x67 (size before relaxing)
 .debug_str     0x0000009b       0xbb ./gpio.o
                                0x106 (size before relaxing)
 .debug_str     0x00000156      0x190 ./intcontroller.o
                                0x1ef (size before relaxing)
 .debug_str     0x000002e6       0x3d ./keyboard.o
                                 0x82 (size before relaxing)
 .debug_str     0x00000323       0x73 ./leds.o
                                 0xed (size before relaxing)
 .debug_str     0x00000396      0x142 ./main.o
                                0x381 (size before relaxing)
 .debug_str     0x000004d8       0x77 ./rtc.o
                                0x269 (size before relaxing)
 .debug_str     0x0000054f       0x89 ./timer.o
                                0x143 (size before relaxing)
 .debug_str     0x000005d8       0x8b ./uart.o
                                0x132 (size before relaxing)
 .debug_str     0x00000663       0x27 ./utils.o
                                 0x59 (size before relaxing)

.comment        0x00000000       0x2a
 .comment       0x00000000       0x2a ./D8Led.o
                                 0x2b (size before relaxing)
 .comment       0x00000000       0x2b ./button.o
 .comment       0x00000000       0x2b ./gpio.o
 .comment       0x00000000       0x2b ./intcontroller.o
 .comment       0x00000000       0x2b ./keyboard.o
 .comment       0x00000000       0x2b ./leds.o
 .comment       0x00000000       0x2b ./main.o
 .comment       0x00000000       0x2b ./rtc.o
 .comment       0x00000000       0x2b ./timer.o
 .comment       0x00000000       0x2b ./uart.o
 .comment       0x00000000       0x2b ./utils.o

.ARM.attributes
                0x00000000       0x30
 .ARM.attributes
                0x00000000       0x32 ./D8Led.o
 .ARM.attributes
                0x00000032       0x32 ./button.o
 .ARM.attributes
                0x00000064       0x32 ./gpio.o
 .ARM.attributes
                0x00000096       0x22 ./init.o
 .ARM.attributes
                0x000000b8       0x32 ./intcontroller.o
 .ARM.attributes
                0x000000ea       0x32 ./keyboard.o
 .ARM.attributes
                0x0000011c       0x32 ./leds.o
 .ARM.attributes
                0x0000014e       0x32 ./main.o
 .ARM.attributes
                0x00000180       0x32 ./rtc.o
 .ARM.attributes
                0x000001b2       0x32 ./timer.o
 .ARM.attributes
                0x000001e4       0x32 ./uart.o
 .ARM.attributes
                0x00000216       0x32 ./utils.o
 .ARM.attributes
                0x00000248       0x1a c:/eclipsearm/sourcery-g++-lite-arm-2011.03/bin/../lib/gcc/arm-none-eabi/4.5.2\libgcc.a(_divsi3.o)
 .ARM.attributes
                0x00000262       0x18 c:/eclipsearm/sourcery-g++-lite-arm-2011.03/bin/../lib/gcc/arm-none-eabi/4.5.2\libgcc.a(_dvmd_tls.o)

.debug_frame    0x00000000      0x968
 .debug_frame   0x00000000       0x70 ./D8Led.o
 .debug_frame   0x00000070       0x30 ./button.o
 .debug_frame   0x000000a0       0xf0 ./gpio.o
 .debug_frame   0x00000190       0xf0 ./intcontroller.o
 .debug_frame   0x00000280       0x34 ./keyboard.o
 .debug_frame   0x000002b4      0x130 ./leds.o
 .debug_frame   0x000003e4      0x1ac ./main.o
 .debug_frame   0x00000590      0x148 ./rtc.o
 .debug_frame   0x000006d8      0x110 ./timer.o
 .debug_frame   0x000007e8      0x130 ./uart.o
 .debug_frame   0x00000918       0x30 ./utils.o
 .debug_frame   0x00000948       0x20 c:/eclipsearm/sourcery-g++-lite-arm-2011.03/bin/../lib/gcc/arm-none-eabi/4.5.2\libgcc.a(_divsi3.o)
